Archive member included to satisfy reference by file (symbol)

/usr/lib/gcc/arm-none-eabi/12.2.1/thumb/v6-m/nofp/libgcc.a(_dvmd_tls.o)
                              CMakeFiles/sd_test.dir/include/pico-sdk/src/rp2_common/pico_divider/divider.S.obj (__aeabi_idiv0)
/usr/lib/gcc/arm-none-eabi/12.2.1/../../../arm-none-eabi/lib/thumb/v6-m/nofp/libc.a(lib_a-atexit.o)
                              /usr/lib/gcc/arm-none-eabi/12.2.1/../../../arm-none-eabi/lib/thumb/v6-m/nofp/crt0.o (atexit)
/usr/lib/gcc/arm-none-eabi/12.2.1/../../../arm-none-eabi/lib/thumb/v6-m/nofp/libc.a(lib_a-atoi.o)
                              CMakeFiles/sd_test.dir/include/no-OS-FatFS-SD-SDIO-SPI-RPi-Pico/src/sd_driver/sd_card.c.obj (atoi)
/usr/lib/gcc/arm-none-eabi/12.2.1/../../../arm-none-eabi/lib/thumb/v6-m/nofp/libc.a(lib_a-calloc.o)
                              CMakeFiles/sd_test.dir/include/pico-sdk/src/rp2_common/pico_malloc/pico_malloc.c.obj (calloc)
/usr/lib/gcc/arm-none-eabi/12.2.1/../../../arm-none-eabi/lib/thumb/v6-m/nofp/libc.a(lib_a-callocr.o)
                              /usr/lib/gcc/arm-none-eabi/12.2.1/../../../arm-none-eabi/lib/thumb/v6-m/nofp/libc.a(lib_a-calloc.o) (_calloc_r)
/usr/lib/gcc/arm-none-eabi/12.2.1/../../../arm-none-eabi/lib/thumb/v6-m/nofp/libc.a(lib_a-ctype_.o)
                              CMakeFiles/sd_test.dir/include/no-OS-FatFS-SD-SDIO-SPI-RPi-Pico/src/sd_driver/sd_card.c.obj (_ctype_)
/usr/lib/gcc/arm-none-eabi/12.2.1/../../../arm-none-eabi/lib/thumb/v6-m/nofp/libc.a(lib_a-errno.o)
                              CMakeFiles/sd_test.dir/include/no-OS-FatFS-SD-SDIO-SPI-RPi-Pico/src/src/ff_stdio.c.obj (__errno)
/usr/lib/gcc/arm-none-eabi/12.2.1/../../../arm-none-eabi/lib/thumb/v6-m/nofp/libc.a(lib_a-fflush.o)
                              CMakeFiles/sd_test.dir/include/no-OS-FatFS-SD-SDIO-SPI-RPi-Pico/src/src/my_debug.c.obj (fflush)
/usr/lib/gcc/arm-none-eabi/12.2.1/../../../arm-none-eabi/lib/thumb/v6-m/nofp/libc.a(lib_a-findfp.o)
                              /usr/lib/gcc/arm-none-eabi/12.2.1/../../../arm-none-eabi/lib/thumb/v6-m/nofp/libc.a(lib_a-fflush.o) (__sinit)
/usr/lib/gcc/arm-none-eabi/12.2.1/../../../arm-none-eabi/lib/thumb/v6-m/nofp/libc.a(lib_a-fini.o)
                              /usr/lib/gcc/arm-none-eabi/12.2.1/../../../arm-none-eabi/lib/thumb/v6-m/nofp/crt0.o (__libc_fini_array)
/usr/lib/gcc/arm-none-eabi/12.2.1/../../../arm-none-eabi/lib/thumb/v6-m/nofp/libc.a(lib_a-fopencookie.o)
                              CMakeFiles/sd_test.dir/include/no-OS-FatFS-SD-SDIO-SPI-RPi-Pico/src/src/file_stream.c.obj (fopencookie)
/usr/lib/gcc/arm-none-eabi/12.2.1/../../../arm-none-eabi/lib/thumb/v6-m/nofp/libc.a(lib_a-freer.o)
                              /usr/lib/gcc/arm-none-eabi/12.2.1/../../../arm-none-eabi/lib/thumb/v6-m/nofp/libc.a(lib_a-fflush.o) (_free_r)
/usr/lib/gcc/arm-none-eabi/12.2.1/../../../arm-none-eabi/lib/thumb/v6-m/nofp/libc.a(lib_a-fwalk.o)
                              /usr/lib/gcc/arm-none-eabi/12.2.1/../../../arm-none-eabi/lib/thumb/v6-m/nofp/libc.a(lib_a-findfp.o) (_fwalk)
/usr/lib/gcc/arm-none-eabi/12.2.1/../../../arm-none-eabi/lib/thumb/v6-m/nofp/libc.a(lib_a-impure.o)
                              /usr/lib/gcc/arm-none-eabi/12.2.1/../../../arm-none-eabi/lib/thumb/v6-m/nofp/libc.a(lib_a-fflush.o) (_global_impure_ptr)
/usr/lib/gcc/arm-none-eabi/12.2.1/../../../arm-none-eabi/lib/thumb/v6-m/nofp/libc.a(lib_a-init.o)
                              /usr/lib/gcc/arm-none-eabi/12.2.1/../../../arm-none-eabi/lib/thumb/v6-m/nofp/crt0.o (__libc_init_array)
/usr/lib/gcc/arm-none-eabi/12.2.1/../../../arm-none-eabi/lib/thumb/v6-m/nofp/libc.a(lib_a-lcltime_r.o)
                              CMakeFiles/sd_test.dir/include/no-OS-FatFS-SD-SDIO-SPI-RPi-Pico/src/src/crash.c.obj (localtime_r)
/usr/lib/gcc/arm-none-eabi/12.2.1/../../../arm-none-eabi/lib/thumb/v6-m/nofp/libc.a(lib_a-malloc.o)
                              CMakeFiles/sd_test.dir/include/pico-sdk/src/rp2_common/pico_malloc/pico_malloc.c.obj (malloc)
/usr/lib/gcc/arm-none-eabi/12.2.1/../../../arm-none-eabi/lib/thumb/v6-m/nofp/libc.a(lib_a-mallocr.o)
                              /usr/lib/gcc/arm-none-eabi/12.2.1/../../../arm-none-eabi/lib/thumb/v6-m/nofp/libc.a(lib_a-callocr.o) (_malloc_r)
/usr/lib/gcc/arm-none-eabi/12.2.1/../../../arm-none-eabi/lib/thumb/v6-m/nofp/libc.a(lib_a-memcmp.o)
                              CMakeFiles/sd_test.dir/include/no-OS-FatFS-SD-SDIO-SPI-RPi-Pico/src/ff15/source/ff.c.obj (memcmp)
/usr/lib/gcc/arm-none-eabi/12.2.1/../../../arm-none-eabi/lib/thumb/v6-m/nofp/libc.a(lib_a-mktime.o)
                              CMakeFiles/sd_test.dir/include/no-OS-FatFS-SD-SDIO-SPI-RPi-Pico/src/src/rtc.c.obj (mktime)
/usr/lib/gcc/arm-none-eabi/12.2.1/../../../arm-none-eabi/lib/thumb/v6-m/nofp/libc.a(lib_a-mlock.o)
                              /usr/lib/gcc/arm-none-eabi/12.2.1/../../../arm-none-eabi/lib/thumb/v6-m/nofp/libc.a(lib_a-freer.o) (__malloc_lock)
[...]
Memory Configuration

Name             Origin             Length             Attributes
FLASH            0x10000000         0x00200000         xr
RAM              0x20000000         0x00040000         xrw
SCRATCH_X        0x20040000         0x00001000         xrw
SCRATCH_Y        0x20041000         0x00001000         xrw
*default*        0x00000000         0xffffffff

Linker script and memory map

LOAD /usr/lib/gcc/arm-none-eabi/12.2.1/thumb/v6-m/nofp/crti.o
LOAD /usr/lib/gcc/arm-none-eabi/12.2.1/thumb/v6-m/nofp/crtbegin.o
LOAD /usr/lib/gcc/arm-none-eabi/12.2.1/../../../arm-none-eabi/lib/thumb/v6-m/nofp/crt0.o

.flash_begin    0x10000000        0x0
                0x10000000                        __flash_binary_start = .

.boot2          0x10000000      0x100
                0x10000000                        __boot2_start__ = .
 *(.boot2)
 .boot2         0x10000000      0x100 /tmp/cckNZRRa.o
                0x10000100                        __boot2_end__ = .
                0x00000001                        ASSERT (((__boot2_end__ - __boot2_start__) == 0x100), ERROR: Pico second stage bootloader must be 256 bytes in size)

.text           0x10000100    0x15008
                0x10000100                        __logical_binary_start = .
 *(.vectors)
 .vectors       0x10000100       0xd4 CMakeFiles/sd_test.dir/include/pico-sdk/src/rp2_common/pico_standard_link/crt0.S.obj
                0x10000100                __vectors
                0x10000100                __VECTOR_TABLE
                0x100001c0                isr_invalid
                0x100001c0                __default_isrs_start
                0x100001c2                NMI_Handler
                0x100001c6                SVC_Handler
                0x100001c8                PendSV_Handler
                0x100001ca                SysTick_Handler
                0x100001cc                TIMER_IRQ_1_Handler
                0x100001cc                TIMER_IRQ_3_Handler
                0x100001cc                isr_irq30
                0x100001cc                UART0_IRQ_Handler
                0x100001cc                __unhandled_user_irq
                0x100001cc                IO_IRQ_BANK0_Handler
                0x100001cc                PIO0_IRQ_0_Handler
                0x100001cc                USBCTRL_IRQ_Handler
                0x100001cc                SPI1_IRQ_Handler
                0x100001cc                isr_irq27
                0x100001cc                isr_irq31
                0x100001cc                PIO1_IRQ_1_Handler
                0x100001cc                DMA_IRQ_1_Handler
                0x100001cc                I2C1_IRQ_Handler
                0x100001cc                SPI0_IRQ_Handler
                0x100001cc                isr_irq28
                0x100001cc                PIO0_IRQ_1_Handler
                0x100001cc                I2C0_IRQ_Handler
                0x100001cc                SIO_IRQ_PROC1_Handler
                0x100001cc                TIMER_IRQ_0_Handler
                0x100001cc                UART1_IRQ_Handler
                0x100001cc                DMA_IRQ_0_Handler
                0x100001cc                RTC_IRQ_Handler
                0x100001cc                TIMER_IRQ_2_Handler
                0x100001cc                CLOCKS_IRQ_Handler
                0x100001cc                PIO1_IRQ_0_Handler
                0x100001cc                ADC_IRQ_FIFO_Handler
                0x100001cc                IO_IRQ_QSPI_Handler
                0x100001cc                SIO_IRQ_PROC0_Handler
                0x100001cc                XIP_IRQ_Handler
                0x100001cc                isr_irq29
                0x100001cc                isr_irq26
                0x100001cc                __default_isrs_end
                0x100001cc                PWM_IRQ_WRAP_Handler
                0x100001d2                unhandled_user_irq_num_in_r0
 *(.binary_info_header)
 .binary_info_header
                0x100001d4       0x14 CMakeFiles/sd_test.dir/include/pico-sdk/src/rp2_common/pico_standard_link/crt0.S.obj
                0x100001e8                        __binary_info_header_end = .
 *(.reset)
 .reset         0x100001e8       0xa0 CMakeFiles/sd_test.dir/include/pico-sdk/src/rp2_common/pico_standard_link/crt0.S.obj
                0x100001e8                _entry_point
 .reset         0x10000288       0x30 CMakeFiles/sd_test.dir/include/pico-sdk/src/rp2_common/pico_standard_link/binary_info.c.obj
 *(.init)
 .init          0x100002b8        0x4 /usr/lib/gcc/arm-none-eabi/12.2.1/thumb/v6-m/nofp/crti.o
                0x100002b8                _init
 *(EXCLUDE_FILE(*libm.a: *libc.a:*lib_a-mem*.o *libgcc.a:) .text*)
 .text          0x100002bc       0x98 /usr/lib/gcc/arm-none-eabi/12.2.1/thumb/v6-m/nofp/crtbegin.o
 .text.sd_get_num
                0x10000354        0x4 CMakeFiles/sd_test.dir/src/hw_config.cpp.obj
                0x10000354                sd_get_num
 .text.sd_get_by_num
                0x10000358       0x10 CMakeFiles/sd_test.dir/src/hw_config.cpp.obj
                0x10000358                sd_get_by_num
 .text._Z8bmi_initv
                0x10000368      0x2a0 CMakeFiles/sd_test.dir/src/bmi270.cpp.obj
                0x10000368                bmi_init()
 .text._Z13bmi_read_FIFOPht
                0x10000608       0x38 CMakeFiles/sd_test.dir/src/bmi270.cpp.obj
                0x10000608                bmi_read_FIFO(unsigned char*, unsigned short)
 .text._Z19bmi_get_FIFO_lengthv
                0x10000640       0x38 CMakeFiles/sd_test.dir/src/bmi270.cpp.obj
                0x10000640                bmi_get_FIFO_length()
 .text._Z16bmi_read_sensorsP10bmi_data_t
                0x10000678       0xc0 CMakeFiles/sd_test.dir/src/bmi270.cpp.obj
                0x10000678                bmi_read_sensors(bmi_data_t*)
 .text._Z16bmi_set_drdy_pinhPFvjmE
                0x10000738       0x10 CMakeFiles/sd_test.dir/src/bmi270.cpp.obj
                0x10000738                bmi_set_drdy_pin(unsigned char, void (*)(unsigned int, unsigned long))
 .text._Z11adc_handlert
                0x10000748       0x14 CMakeFiles/sd_test.dir/src/main.cpp.obj
                0x10000748                adc_handler(unsigned short)
 .text._Z16IMU_drdy_handlerjm
                0x1000075c       0x68 CMakeFiles/sd_test.dir/src/main.cpp.obj
                0x1000075c                IMU_drdy_handler(unsigned int, unsigned long)
 .text._Z11core1_entryv
                0x100007c4      0x104 CMakeFiles/sd_test.dir/src/main.cpp.obj
                0x100007c4                core1_entry()
 .text.startup.main
                0x100008c8      0x374 CMakeFiles/sd_test.dir/src/main.cpp.obj
                0x100008c8                main
 .text._ZL11adc_starterP15repeating_timer
                0x10000c3c       0x10 CMakeFiles/sd_test.dir/src/battery.cpp.obj
 .text._ZL7adc_irqv
                0x10000c4c       0x4c CMakeFiles/sd_test.dir/src/battery.cpp.obj
 .text._Z12battery_initmPFvtEP10alarm_pool
                0x10000c98       0xb4 CMakeFiles/sd_test.dir/src/battery.cpp.obj
                0x10000c98                battery_init(unsigned long, void (*)(unsigned short), alarm_pool*)
 .text._Z8sd_mountP5FATFS
                0x10000d4c       0x10 CMakeFiles/sd_test.dir/src/sd_utils.cpp.obj
                0x10000d4c                sd_mount(FATFS*)
 .text._Z7sd_openP3FILPKch
                0x10000d5c       0x14 CMakeFiles/sd_test.dir/src/sd_utils.cpp.obj
                0x10000d5c                sd_open(FIL*, char const*, unsigned char)
 .text._Z7sd_syncP3FIL
                0x10000d70        0x8 CMakeFiles/sd_test.dir/src/sd_utils.cpp.obj
                0x10000d70                sd_sync(FIL*)
 .text._Z8sd_writeP3FILPKvj
                0x10000d78       0x10 CMakeFiles/sd_test.dir/src/sd_utils.cpp.obj
                0x10000d78                sd_write(FIL*, void const*, unsigned int)
 .text._Z8sd_closeP3FIL
                0x10000d88       0x24 CMakeFiles/sd_test.dir/src/sd_utils.cpp.obj
                0x10000d88                sd_close(FIL*)
 .text._Z10sd_unmountv
                0x10000dac       0x14 CMakeFiles/sd_test.dir/src/sd_utils.cpp.obj
                0x10000dac                sd_unmount()
 .text._Z9sd_rewindP3FIL
                0x10000dc0       0x14 CMakeFiles/sd_test.dir/src/sd_utils.cpp.obj
                0x10000dc0                sd_rewind(FIL*)
 .text._Z10sd_readnumP3FILPm
                0x10000dd4       0x2c CMakeFiles/sd_test.dir/src/sd_utils.cpp.obj
                0x10000dd4                sd_readnum(FIL*, unsigned long*)
 .text._Z11sd_writenumP3FILm
                0x10000e00       0x14 CMakeFiles/sd_test.dir/src/sd_utils.cpp.obj
                0x10000e00                sd_writenum(FIL*, unsigned long)
 .text._ZL11dma_handlerv
                0x10000e14       0xa8 CMakeFiles/sd_test.dir/src/f9p.cpp.obj
 .text._ZL23f9p_end_interrupt_pulselPv
                0x10000ebc       0x18 CMakeFiles/sd_test.dir/src/f9p.cpp.obj
 .text._Z8f9p_inithhhP10alarm_pool
                0x10000ed4      0x1c4 CMakeFiles/sd_test.dir/src/f9p.cpp.obj
                0x10000ed4                f9p_init(unsigned char, unsigned char, unsigned char, alarm_pool*)
 .text._Z14f9p_chan0_drdyPPh
                0x10001098       0x40 CMakeFiles/sd_test.dir/src/f9p.cpp.obj
                0x10001098                f9p_chan0_drdy(unsigned char**)
 .text._Z14f9p_chan1_drdyPPh
                0x100010d8       0x40 CMakeFiles/sd_test.dir/src/f9p.cpp.obj
                0x100010d8                f9p_chan1_drdy(unsigned char**)
 .text._Z18f9p_send_interruptv
                0x10001118       0x58 CMakeFiles/sd_test.dir/src/f9p.cpp.obj
                0x10001118                f9p_send_interrupt()
 .text.set_sys_clock_pll
                0x10001170       0x78 CMakeFiles/sd_test.dir/include/pico-sdk/src/rp2_common/pico_stdlib/stdlib.c.obj
                0x10001170                set_sys_clock_pll
 .text.check_sys_clock_khz
                0x100011e8      0x210 CMakeFiles/sd_test.dir/include/pico-sdk/src/rp2_common/pico_stdlib/stdlib.c.obj
                0x100011e8                check_sys_clock_khz
 .text.gpio_default_irq_handler
                0x100013f8      0x204 CMakeFiles/sd_test.dir/include/pico-sdk/src/rp2_common/hardware_gpio/gpio.c.obj
 .text.gpio_set_function
                0x100015fc       0x30 CMakeFiles/sd_test.dir/include/pico-sdk/src/rp2_common/hardware_gpio/gpio.c.obj
                0x100015fc                gpio_set_function
 .text.gpio_set_pulls
                0x1000162c       0x24 CMakeFiles/sd_test.dir/include/pico-sdk/src/rp2_common/hardware_gpio/gpio.c.obj
                0x1000162c                gpio_set_pulls
 .text.gpio_set_input_hysteresis_enabled
                0x10001650       0x28 CMakeFiles/sd_test.dir/include/pico-sdk/src/rp2_common/hardware_gpio/gpio.c.obj
                0x10001650                gpio_set_input_hysteresis_enabled
 .text.gpio_set_slew_rate
                0x10001678       0x20 CMakeFiles/sd_test.dir/include/pico-sdk/src/rp2_common/hardware_gpio/gpio.c.obj
                0x10001678                gpio_set_slew_rate
 .text.gpio_set_drive_strength
                0x10001698       0x20 CMakeFiles/sd_test.dir/include/pico-sdk/src/rp2_common/hardware_gpio/gpio.c.obj
                0x10001698                gpio_set_drive_strength
 .text.gpio_set_irq_enabled_with_callback
                0x100016b8       0xc4 CMakeFiles/sd_test.dir/include/pico-sdk/src/rp2_common/hardware_gpio/gpio.c.obj
                0x100016b8                gpio_set_irq_enabled_with_callback
 .text.gpio_set_input_enabled
                0x1000177c       0x28 CMakeFiles/sd_test.dir/include/pico-sdk/src/rp2_common/hardware_gpio/gpio.c.obj
                0x1000177c                gpio_set_input_enabled
 .text.gpio_init
                0x100017a4       0x3c CMakeFiles/sd_test.dir/include/pico-sdk/src/rp2_common/hardware_gpio/gpio.c.obj
                0x100017a4                gpio_init
 .text.gpio_deinit
                0x100017e0       0x30 CMakeFiles/sd_test.dir/include/pico-sdk/src/rp2_common/hardware_gpio/gpio.c.obj
                0x100017e0                gpio_deinit
 .text.running_on_fpga
                0x10001810       0x10 CMakeFiles/sd_test.dir/include/pico-sdk/src/rp2_common/pico_platform/platform.c.obj
                0x10001810                running_on_fpga
 .text.hw_claim_lock
                0x10001820       0x18 CMakeFiles/sd_test.dir/include/pico-sdk/src/rp2_common/hardware_claim/claim.c.obj
                0x10001820                hw_claim_lock
 .text.hw_claim_unlock
                0x10001838       0x14 CMakeFiles/sd_test.dir/include/pico-sdk/src/rp2_common/hardware_claim/claim.c.obj
                0x10001838                hw_claim_unlock
 .text.hw_claim_or_assert
                0x1000184c       0x44 CMakeFiles/sd_test.dir/include/pico-sdk/src/rp2_common/hardware_claim/claim.c.obj
                0x1000184c                hw_claim_or_assert
 .text.hw_claim_unused_from_range
                0x10001890       0x9c CMakeFiles/sd_test.dir/include/pico-sdk/src/rp2_common/hardware_claim/claim.c.obj
                0x10001890                hw_claim_unused_from_range
 .text.spin_locks_reset
                0x1000192c       0x1c CMakeFiles/sd_test.dir/include/pico-sdk/src/rp2_common/hardware_sync/sync.c.obj
                0x1000192c                spin_locks_reset
 .text.next_striped_spin_lock_num
                0x10001948       0x18 CMakeFiles/sd_test.dir/include/pico-sdk/src/rp2_common/hardware_sync/sync.c.obj
                0x10001948                next_striped_spin_lock_num
 .text.spin_lock_claim_unused
                0x10001960       0x24 CMakeFiles/sd_test.dir/include/pico-sdk/src/rp2_common/hardware_sync/sync.c.obj
                0x10001960                spin_lock_claim_unused
 .text.irq_set_enabled
                0x10001984       0x24 CMakeFiles/sd_test.dir/include/pico-sdk/src/rp2_common/hardware_irq/irq.c.obj
                0x10001984                irq_set_enabled
 .text.irq_is_enabled
                0x100019a8       0x18 CMakeFiles/sd_test.dir/include/pico-sdk/src/rp2_common/hardware_irq/irq.c.obj
                0x100019a8                irq_is_enabled
 .text.irq_set_pending
                0x100019c0       0x10 CMakeFiles/sd_test.dir/include/pico-sdk/src/rp2_common/hardware_irq/irq.c.obj
                0x100019c0                irq_set_pending
 .text.irq_has_shared_handler
                0x100019d0       0x2c CMakeFiles/sd_test.dir/include/pico-sdk/src/rp2_common/hardware_irq/irq.c.obj
                0x100019d0                irq_has_shared_handler
 .text.irq_get_vtable_handler
                0x100019fc       0x10 CMakeFiles/sd_test.dir/include/pico-sdk/src/rp2_common/hardware_irq/irq.c.obj
                0x100019fc                irq_get_vtable_handler
 .text.irq_set_exclusive_handler
                0x10001a0c       0x54 CMakeFiles/sd_test.dir/include/pico-sdk/src/rp2_common/hardware_irq/irq.c.obj
                0x10001a0c                irq_set_exclusive_handler
 .text.irq_add_shared_handler
                0x10001a60      0x1f4 CMakeFiles/sd_test.dir/include/pico-sdk/src/rp2_common/hardware_irq/irq.c.obj
                0x10001a60                irq_add_shared_handler
 .text.irq_remove_handler
                0x10001c54      0x1c4 CMakeFiles/sd_test.dir/include/pico-sdk/src/rp2_common/hardware_irq/irq.c.obj
                0x10001c54                irq_remove_handler
 .text.irq_add_tail_to_free_list
                0x10001e18       0xe4 CMakeFiles/sd_test.dir/include/pico-sdk/src/rp2_common/hardware_irq/irq.c.obj
                0x10001e18                irq_add_tail_to_free_list
 .text.irq_init_priorities
                0x10001efc       0x24 CMakeFiles/sd_test.dir/include/pico-sdk/src/rp2_common/hardware_irq/irq.c.obj
                0x10001efc                irq_init_priorities
 .text.user_irq_claim_unused
                0x10001f20       0x2c CMakeFiles/sd_test.dir/include/pico-sdk/src/rp2_common/hardware_irq/irq.c.obj
                0x10001f20                user_irq_claim_unused
 .text.sem_init
                0x10001f4c       0x20 CMakeFiles/sd_test.dir/include/pico-sdk/src/common/pico_sync/sem.c.obj
                0x10001f4c                sem_init
 .text.lock_init
                0x10001f6c       0x10 CMakeFiles/sd_test.dir/include/pico-sdk/src/common/pico_sync/lock_core.c.obj
                0x10001f6c                lock_init
 .text.mutex_init
                0x10001f7c       0x1c CMakeFiles/sd_test.dir/include/pico-sdk/src/common/pico_sync/mutex.c.obj
                0x10001f7c                mutex_init
 .text.recursive_mutex_init
                0x10001f98       0x1c CMakeFiles/sd_test.dir/include/pico-sdk/src/common/pico_sync/mutex.c.obj
                0x10001f98                recursive_mutex_init
 .text.critical_section_init
                0x10001fb4       0x1c CMakeFiles/sd_test.dir/include/pico-sdk/src/common/pico_sync/critical_section.c.obj
                0x10001fb4                critical_section_init
 .text.critical_section_init_with_lock_num
                0x10001fd0       0x14 CMakeFiles/sd_test.dir/include/pico-sdk/src/common/pico_sync/critical_section.c.obj
                0x10001fd0                critical_section_init_with_lock_num
 .text.timer_pool_entry_comparator
                0x10001fe4       0x34 CMakeFiles/sd_test.dir/include/pico-sdk/src/common/pico_time/time.c.obj
                0x10001fe4                timer_pool_entry_comparator
 .text.repeating_timer_callback
                0x10002018       0x1c CMakeFiles/sd_test.dir/include/pico-sdk/src/common/pico_time/time.c.obj
 .text.sleep_until_callback
                0x10002034       0x30 CMakeFiles/sd_test.dir/include/pico-sdk/src/common/pico_time/time.c.obj
 .text.add_alarm_under_lock.isra.0
                0x10002064      0x100 CMakeFiles/sd_test.dir/include/pico-sdk/src/common/pico_time/time.c.obj
 .text.alarm_pool_alarm_callback
                0x10002164      0x1c0 CMakeFiles/sd_test.dir/include/pico-sdk/src/common/pico_time/time.c.obj
 .text.alarm_pool_init_default
                0x10002324       0x6c CMakeFiles/sd_test.dir/include/pico-sdk/src/common/pico_time/time.c.obj
                0x10002324                alarm_pool_init_default
 .text.alarm_pool_get_default
                0x10002390        0x8 CMakeFiles/sd_test.dir/include/pico-sdk/src/common/pico_time/time.c.obj
                0x10002390                alarm_pool_get_default
 .text.alarm_pool_add_alarm_at
                0x10002398      0x188 CMakeFiles/sd_test.dir/include/pico-sdk/src/common/pico_time/time.c.obj
                0x10002398                alarm_pool_add_alarm_at
 .text.alarm_pool_core_num
                0x10002520        0x4 CMakeFiles/sd_test.dir/include/pico-sdk/src/common/pico_time/time.c.obj
                0x10002520                alarm_pool_core_num
 .text.alarm_pool_add_repeating_timer_us
                0x10002524      0x218 CMakeFiles/sd_test.dir/include/pico-sdk/src/common/pico_time/time.c.obj
                0x10002524                alarm_pool_add_repeating_timer_us
 .text.sleep_until
                0x1000273c       0xc4 CMakeFiles/sd_test.dir/include/pico-sdk/src/common/pico_time/time.c.obj
                0x1000273c                sleep_until
 .text.sleep_ms
                0x10002800       0x38 CMakeFiles/sd_test.dir/include/pico-sdk/src/common/pico_time/time.c.obj
                0x10002800                sleep_ms
 .text.best_effort_wfe_or_timeout
                0x10002838       0xec CMakeFiles/sd_test.dir/include/pico-sdk/src/common/pico_time/time.c.obj
                0x10002838                best_effort_wfe_or_timeout
 .text.hardware_alarm_irq_handler
                0x10002924       0xbc CMakeFiles/sd_test.dir/include/pico-sdk/src/rp2_common/hardware_timer/timer.c.obj
 .text.hardware_alarm_claim
                0x100029e0       0x18 CMakeFiles/sd_test.dir/include/pico-sdk/src/rp2_common/hardware_timer/timer.c.obj
                0x100029e0                hardware_alarm_claim
 .text.time_us_64
                0x100029f8       0x14 CMakeFiles/sd_test.dir/include/pico-sdk/src/rp2_common/hardware_timer/timer.c.obj
                0x100029f8                time_us_64
 .text.busy_wait_us
                0x10002a0c       0x68 CMakeFiles/sd_test.dir/include/pico-sdk/src/rp2_common/hardware_timer/timer.c.obj
                0x10002a0c                busy_wait_us
 .text.busy_wait_until
                0x10002a74       0x20 CMakeFiles/sd_test.dir/include/pico-sdk/src/rp2_common/hardware_timer/timer.c.obj
                0x10002a74                busy_wait_until
 .text.hardware_alarm_set_callback
                0x10002a94       0x8c CMakeFiles/sd_test.dir/include/pico-sdk/src/rp2_common/hardware_timer/timer.c.obj
                0x10002a94                hardware_alarm_set_callback
 .text.hardware_alarm_set_target
                0x10002b20       0xd0 CMakeFiles/sd_test.dir/include/pico-sdk/src/rp2_common/hardware_timer/timer.c.obj
                0x10002b20                hardware_alarm_set_target
 .text.hardware_alarm_cancel
                0x10002bf0       0x3c CMakeFiles/sd_test.dir/include/pico-sdk/src/rp2_common/hardware_timer/timer.c.obj
                0x10002bf0                hardware_alarm_cancel
 .text.ph_merge_nodes
                0x10002c2c       0x64 CMakeFiles/sd_test.dir/include/pico-sdk/src/common/pico_util/pheap.c.obj
 .text.ph_post_alloc_init
                0x10002c90       0x3c CMakeFiles/sd_test.dir/include/pico-sdk/src/common/pico_util/pheap.c.obj
                0x10002c90                ph_post_alloc_init
 .text.ph_merge_two_pass
                0x10002ccc       0x98 CMakeFiles/sd_test.dir/include/pico-sdk/src/common/pico_util/pheap.c.obj
                0x10002ccc                ph_merge_two_pass
 .text.ph_remove_any_head
                0x10002d64      0x100 CMakeFiles/sd_test.dir/include/pico-sdk/src/common/pico_util/pheap.c.obj
 .text.ph_remove_head
                0x10002e64      0x104 CMakeFiles/sd_test.dir/include/pico-sdk/src/common/pico_util/pheap.c.obj
                0x10002e64                ph_remove_head
 .text.ph_remove_and_free_node
                0x10002f68       0x78 CMakeFiles/sd_test.dir/include/pico-sdk/src/common/pico_util/pheap.c.obj
                0x10002f68                ph_remove_and_free_node
 .text.queue_init_with_spinlock
                0x10002fe0       0x24 CMakeFiles/sd_test.dir/include/pico-sdk/src/common/pico_util/queue.c.obj
                0x10002fe0                queue_init_with_spinlock
 .text.queue_try_add
                0x10003004       0x70 CMakeFiles/sd_test.dir/include/pico-sdk/src/common/pico_util/queue.c.obj
                0x10003004                queue_try_add
 .text.queue_try_remove
                0x10003074       0x70 CMakeFiles/sd_test.dir/include/pico-sdk/src/common/pico_util/queue.c.obj
                0x10003074                queue_try_remove
 .text.uart_init
                0x100030e4      0x188 CMakeFiles/sd_test.dir/include/pico-sdk/src/rp2_common/hardware_uart/uart.c.obj
                0x100030e4                uart_init
 .text.clock_configure
                0x1000326c      0x114 CMakeFiles/sd_test.dir/include/pico-sdk/src/rp2_common/hardware_clocks/clocks.c.obj
                0x1000326c                clock_configure
 .text.clocks_init
                0x10003380      0x2c8 CMakeFiles/sd_test.dir/include/pico-sdk/src/rp2_common/hardware_clocks/clocks.c.obj
                0x10003380                clocks_init
 .text.clock_get_hz
                0x10003648        0xc CMakeFiles/sd_test.dir/include/pico-sdk/src/rp2_common/hardware_clocks/clocks.c.obj
                0x10003648                clock_get_hz
 .text.pll_init
                0x10003654       0xa0 CMakeFiles/sd_test.dir/include/pico-sdk/src/rp2_common/hardware_pll/pll.c.obj
                0x10003654                pll_init
 .text.watchdog_start_tick
                0x100036f4       0x10 CMakeFiles/sd_test.dir/include/pico-sdk/src/rp2_common/hardware_watchdog/watchdog.c.obj
                0x100036f4                watchdog_start_tick
 .text.watchdog_reboot
                0x10003704       0x9c CMakeFiles/sd_test.dir/include/pico-sdk/src/rp2_common/hardware_watchdog/watchdog.c.obj
                0x10003704                watchdog_reboot
 .text.xosc_init
                0x100037a0       0x28 CMakeFiles/sd_test.dir/include/pico-sdk/src/rp2_common/hardware_xosc/xosc.c.obj
                0x100037a0                xosc_init
 .text.runtime_init
                0x100037c8       0xf0 CMakeFiles/sd_test.dir/include/pico-sdk/src/rp2_common/pico_runtime/runtime.c.obj
                0x100037c8                runtime_init
 .text._exit    0x100038b8        0x4 CMakeFiles/sd_test.dir/include/pico-sdk/src/rp2_common/pico_runtime/runtime.c.obj
                0x100038b8                _exit
 .text._sbrk    0x100038bc       0x34 CMakeFiles/sd_test.dir/include/pico-sdk/src/rp2_common/pico_runtime/runtime.c.obj
                0x100038bc                _sbrk
 .text.exit     0x100038f0        0x8 CMakeFiles/sd_test.dir/include/pico-sdk/src/rp2_common/pico_runtime/runtime.c.obj
                0x100038f0                exit
 .text.panic    0x100038f8       0x30 CMakeFiles/sd_test.dir/include/pico-sdk/src/rp2_common/pico_runtime/runtime.c.obj
                0x100038f8                panic
 .text.hard_assertion_failure
                0x10003928        0xc CMakeFiles/sd_test.dir/include/pico-sdk/src/rp2_common/pico_runtime/runtime.c.obj
                0x10003928                hard_assertion_failure
 .text._out_buffer
                0x10003934        0x8 CMakeFiles/sd_test.dir/include/pico-sdk/src/rp2_common/pico_printf/printf.c.obj
 .text._out_null
                0x1000393c        0x4 CMakeFiles/sd_test.dir/include/pico-sdk/src/rp2_common/pico_printf/printf.c.obj
 .text._out_rev
                0x10003940       0x90 CMakeFiles/sd_test.dir/include/pico-sdk/src/rp2_common/pico_printf/printf.c.obj
 .text._ntoa_format
                0x100039d0      0x1f4 CMakeFiles/sd_test.dir/include/pico-sdk/src/rp2_common/pico_printf/printf.c.obj
 .text._out_char
                0x10003bc4       0x10 CMakeFiles/sd_test.dir/include/pico-sdk/src/rp2_common/pico_printf/printf.c.obj
 .text._out_fct
                0x10003bd4       0x10 CMakeFiles/sd_test.dir/include/pico-sdk/src/rp2_common/pico_printf/printf.c.obj
 .text._etoa    0x10003be4      0x454 CMakeFiles/sd_test.dir/include/pico-sdk/src/rp2_common/pico_printf/printf.c.obj
 .text._ftoa    0x10004038      0x3c4 CMakeFiles/sd_test.dir/include/pico-sdk/src/rp2_common/pico_printf/printf.c.obj
 .text._vsnprintf
                0x100043fc      0xb24 CMakeFiles/sd_test.dir/include/pico-sdk/src/rp2_common/pico_printf/printf.c.obj
 .text.__wrap_sprintf
                0x10004f20       0x2c CMakeFiles/sd_test.dir/include/pico-sdk/src/rp2_common/pico_printf/printf.c.obj
                0x10004f20                __wrap_sprintf
 .text.__wrap_snprintf
                0x10004f4c       0x28 CMakeFiles/sd_test.dir/include/pico-sdk/src/rp2_common/pico_printf/printf.c.obj
                0x10004f4c                __wrap_snprintf
 .text.__wrap_vsnprintf
                0x10004f74       0x1c CMakeFiles/sd_test.dir/include/pico-sdk/src/rp2_common/pico_printf/printf.c.obj
                0x10004f74                __wrap_vsnprintf
 .text.vfctprintf
                0x10004f90       0x20 CMakeFiles/sd_test.dir/include/pico-sdk/src/rp2_common/pico_printf/printf.c.obj
                0x10004f90                vfctprintf
 .text.weak_raw_vprintf
                0x10004fb0       0x30 CMakeFiles/sd_test.dir/include/pico-sdk/src/rp2_common/pico_printf/printf.c.obj
                0x10004fb0                weak_raw_vprintf
 .text          0x10004fe0       0x10 CMakeFiles/sd_test.dir/include/pico-sdk/src/rp2_common/pico_bit_ops/bit_ops_aeabi.S.obj
 .text.rom_func_lookup
                0x10004ff0       0x10 CMakeFiles/sd_test.dir/include/pico-sdk/src/rp2_common/pico_bootrom/bootrom.c.obj
                0x10004ff0                rom_func_lookup
 .text.rom_data_lookup
                0x10005000       0x10 CMakeFiles/sd_test.dir/include/pico-sdk/src/rp2_common/pico_bootrom/bootrom.c.obj
                0x10005000                rom_data_lookup
 .text.rom_funcs_lookup
                0x10005010       0x44 CMakeFiles/sd_test.dir/include/pico-sdk/src/rp2_common/pico_bootrom/bootrom.c.obj
                0x10005010                rom_funcs_lookup
 .text.__wrap___aeabi_idiv
                0x10005054       0x50 CMakeFiles/sd_test.dir/include/pico-sdk/src/rp2_common/pico_divider/divider.S.obj
                0x10005054                __wrap___aeabi_idivmod
                0x10005054                divmod_s32s32
                0x10005054                div_s32s32
                0x10005054                __wrap___aeabi_idiv
                0x1000505c                divmod_s32s32_unsafe
                0x10005088                divmod_s32s32_savestate
 .text.__wrap___aeabi_uidiv
                0x100050a4       0x4c CMakeFiles/sd_test.dir/include/pico-sdk/src/rp2_common/pico_divider/divider.S.obj
                0x100050a4                __wrap___aeabi_uidiv
                0x100050a4                __wrap___aeabi_uidivmod
                0x100050a4                div_u32u32
                0x100050a4                divmod_u32u32
                0x100050ac                divmod_u32u32_unsafe
                0x100050d4                divmod_u32u32_savestate
 .text.__wrap___aeabi_ldiv
                0x100050f0      0x424 CMakeFiles/sd_test.dir/include/pico-sdk/src/rp2_common/pico_divider/divider.S.obj
                0x100050f0                div_s64s64
                0x100050f0                divmod_s64s64
                0x100050f0                __wrap___aeabi_ldivmod
                0x10005120                div_u64u64
                0x10005120                divmod_u64u64
                0x10005120                __wrap___aeabi_uldivmod
                0x10005130                divmod_u64u64_savestate
                0x10005150                divmod_s64s64_unsafe
                0x100051d8                divmod_u64u64_unsafe
 .text.__wrap___aeabi_darithmetic
                0x10005514       0x80 CMakeFiles/sd_test.dir/include/pico-sdk/src/rp2_common/pico_double/double_aeabi.S.obj
                0x10005514                __wrap___aeabi_drsub
                0x1000551a                __wrap___aeabi_dsub
                0x1000552c                __wrap___aeabi_dadd
                0x1000553e                __wrap___aeabi_ddiv
                0x1000557a                __wrap___aeabi_dmul
 .text.__wrap___aeabi_cdcmple
                0x10005594       0x6c CMakeFiles/sd_test.dir/include/pico-sdk/src/rp2_common/pico_double/double_aeabi.S.obj
                0x10005594                __wrap___aeabi_cdrcmple
                0x100055a4                __wrap___aeabi_cdcmple
                0x100055a4                __wrap___aeabi_cdcmpeq
 .text.__wrap___aeabi_dcmpeq
                0x10005600       0x10 CMakeFiles/sd_test.dir/include/pico-sdk/src/rp2_common/pico_double/double_aeabi.S.obj
                0x10005600                __wrap___aeabi_dcmpeq
 .text.__wrap___aeabi_dcmplt
                0x10005610        0xc CMakeFiles/sd_test.dir/include/pico-sdk/src/rp2_common/pico_double/double_aeabi.S.obj
                0x10005610                __wrap___aeabi_dcmplt
 .text.__wrap___aeabi_dcmple
                0x1000561c       0x10 CMakeFiles/sd_test.dir/include/pico-sdk/src/rp2_common/pico_double/double_aeabi.S.obj
                0x1000561c                __wrap___aeabi_dcmple
 .text.__wrap___aeabi_dcmpge
                0x1000562c       0x10 CMakeFiles/sd_test.dir/include/pico-sdk/src/rp2_common/pico_double/double_aeabi.S.obj
                0x1000562c                __wrap___aeabi_dcmpge
 .text.__wrap___aeabi_dcmpgt
                0x1000563c        0xa CMakeFiles/sd_test.dir/include/pico-sdk/src/rp2_common/pico_double/double_aeabi.S.obj
                0x1000563c                __wrap___aeabi_dcmpgt
 .text.__wrap___aeabi_dcmpun
                0x10005646       0x1c CMakeFiles/sd_test.dir/include/pico-sdk/src/rp2_common/pico_double/double_aeabi.S.obj
                0x10005646                __wrap___aeabi_dcmpun
 *fill*         0x10005662        0x2 
 .text.__wrap___aeabi_i2d
                0x10005664       0x38 CMakeFiles/sd_test.dir/include/pico-sdk/src/rp2_common/pico_double/double_aeabi.S.obj
                0x10005664                __wrap___aeabi_ui2d
                0x1000566c                __wrap___aeabi_i2d
 .text.__wrap___aeabi_d2iz
                0x1000569c       0x48 CMakeFiles/sd_test.dir/include/pico-sdk/src/rp2_common/pico_double/double_aeabi.S.obj
                0x1000569c                __wrap___aeabi_d2iz
                0x1000569c                double2int_z
 .text.__wrap___aeabi_d2uiz
                0x100056e4       0x18 CMakeFiles/sd_test.dir/include/pico-sdk/src/rp2_common/pico_double/double_aeabi.S.obj
                0x100056e4                double2uint
                0x100056e4                __wrap___aeabi_d2uiz
 .text.__aeabi_double_init
                0x100056fc       0x98 CMakeFiles/sd_test.dir/include/pico-sdk/src/rp2_common/pico_double/double_init_rom.c.obj
                0x100056fc                __aeabi_double_init
 .text.double_table_shim_on_use_helper
                0x10005794       0x2c CMakeFiles/sd_test.dir/include/pico-sdk/src/rp2_common/pico_double/double_v1_rom_shim.S.obj
                0x10005794                double_table_shim_on_use_helper
 .text.__wrap___aeabi_dsub
                0x100057c0       0x10 CMakeFiles/sd_test.dir/include/pico-sdk/src/rp2_common/pico_double/double_v1_rom_shim.S.obj
                0x100057c0                drsub_shim
                0x100057c6                dsub_shim
 .text.dadd_shim
                0x100057d0      0x15c CMakeFiles/sd_test.dir/include/pico-sdk/src/rp2_common/pico_double/double_v1_rom_shim.S.obj
                0x100057d0                dadd_shim
 .text.dmul_shim
                0x1000592c      0x15c CMakeFiles/sd_test.dir/include/pico-sdk/src/rp2_common/pico_double/double_v1_rom_shim.S.obj
                0x1000592c                dmul_shim
 .text.ddiv_shim
                0x10005a88      0x1b0 CMakeFiles/sd_test.dir/include/pico-sdk/src/rp2_common/pico_double/double_v1_rom_shim.S.obj
                0x10005a88                ddiv_shim
 .text.double2uint_shim
                0x10005c38        0xe CMakeFiles/sd_test.dir/include/pico-sdk/src/rp2_common/pico_double/double_v1_rom_shim.S.obj
                0x10005c38                double2uint_shim
                0x10005c3a                double2ufix_shim
 *fill*         0x10005c46        0x2 
 .text.double2uint64_shim
                0x10005c48       0x70 CMakeFiles/sd_test.dir/include/pico-sdk/src/rp2_common/pico_double/double_v1_rom_shim.S.obj
                0x10005c48                double2uint64_shim
                0x10005c4a                double2ufix64_shim
                0x10005c6a                d2fix_a
 .text.dunpacks
                0x10005cb8       0x3c CMakeFiles/sd_test.dir/include/pico-sdk/src/rp2_common/pico_double/double_v1_rom_shim.S.obj
                0x10005cb8                dunpacks
 .text.__aeabi_lmul
                0x10005cf4       0x32 CMakeFiles/sd_test.dir/include/pico-sdk/src/rp2_common/pico_int64_ops/pico_int64_ops_aeabi.S.obj
                0x10005cf4                __wrap___aeabi_lmul
 *fill*         0x10005d26        0x2 
 .text.__wrap___aeabi_farithmetic
                0x10005d28       0x48 CMakeFiles/sd_test.dir/include/pico-sdk/src/rp2_common/pico_float/float_aeabi.S.obj
                0x10005d28                __wrap___aeabi_frsub
                0x10005d2e                __wrap___aeabi_fsub
                0x10005d34                __wrap___aeabi_fadd
                0x10005d3a                __wrap___aeabi_fdiv
                0x10005d62                __wrap___aeabi_fmul
 .text.__wrap___aeabi_cfcmple
                0x10005d70       0x50 CMakeFiles/sd_test.dir/include/pico-sdk/src/rp2_common/pico_float/float_aeabi.S.obj
                0x10005d70                __wrap___aeabi_cfrcmple
                0x10005d7c                __wrap___aeabi_cfcmpeq
                0x10005d7c                __wrap___aeabi_cfcmple
 .text.__wrap___aeabi_fcmple
                0x10005dc0       0x10 CMakeFiles/sd_test.dir/include/pico-sdk/src/rp2_common/pico_float/float_aeabi.S.obj
                0x10005dc0                __wrap___aeabi_fcmple
 .text.__wrap___aeabi_fcmpge
                0x10005dd0       0x10 CMakeFiles/sd_test.dir/include/pico-sdk/src/rp2_common/pico_float/float_aeabi.S.obj
                0x10005dd0                __wrap___aeabi_fcmpge
 .text.__wrap___aeabi_ui2f
                0x10005de0        0xa CMakeFiles/sd_test.dir/include/pico-sdk/src/rp2_common/pico_float/float_aeabi.S.obj
                0x10005de0                __wrap___aeabi_ui2f
 *fill*         0x10005dea        0x2 
 .text.__wrap___aeabi_i2f
                0x10005dec       0x44 CMakeFiles/sd_test.dir/include/pico-sdk/src/rp2_common/pico_float/float_aeabi.S.obj
                0x10005dec                __wrap___aeabi_i2f
 .text.__wrap___aeabi_f2uiz
                0x10005e30        0xc CMakeFiles/sd_test.dir/include/pico-sdk/src/rp2_common/pico_float/float_aeabi.S.obj
                0x10005e30                __wrap___aeabi_f2uiz
 .text.__aeabi_float_init
                0x10005e3c       0x64 CMakeFiles/sd_test.dir/include/pico-sdk/src/rp2_common/pico_float/float_init_rom.c.obj
                0x10005e3c                __aeabi_float_init
 .text.float_table_shim_on_use_helper
                0x10005ea0       0x2c CMakeFiles/sd_test.dir/include/pico-sdk/src/rp2_common/pico_float/float_v1_rom_shim.S.obj
                0x10005ea0                float_table_shim_on_use_helper
 .text.__wrap_malloc
                0x10005ecc       0x3c CMakeFiles/sd_test.dir/include/pico-sdk/src/rp2_common/pico_malloc/pico_malloc.c.obj
                0x10005ecc                __wrap_malloc
 .text.__wrap_calloc
                0x10005f08       0x40 CMakeFiles/sd_test.dir/include/pico-sdk/src/rp2_common/pico_malloc/pico_malloc.c.obj
                0x10005f08                __wrap_calloc
 .text.__wrap_free
                0x10005f48       0x20 CMakeFiles/sd_test.dir/include/pico-sdk/src/rp2_common/pico_malloc/pico_malloc.c.obj
                0x10005f48                __wrap_free
 .text          0x10005f68       0x10 CMakeFiles/sd_test.dir/include/pico-sdk/src/rp2_common/pico_mem_ops/mem_ops_aeabi.S.obj
                0x10005f68                __aeabi_mem_init
 .text.memset   0x10005f78        0xc CMakeFiles/sd_test.dir/include/pico-sdk/src/rp2_common/pico_mem_ops/mem_ops_aeabi.S.obj
                0x10005f78                __wrap_memset
 .text.memcpy   0x10005f84        0xc CMakeFiles/sd_test.dir/include/pico-sdk/src/rp2_common/pico_mem_ops/mem_ops_aeabi.S.obj
                0x10005f84                __wrap___aeabi_memcpy
                0x10005f84                __wrap_memcpy
 .text._Znaj    0x10005f90        0x8 CMakeFiles/sd_test.dir/include/pico-sdk/src/rp2_common/pico_standard_link/new_delete.cpp.obj
                0x10005f90                operator new[](unsigned int)
 .text.stdio_out_chars_crlf
                0x10005f98       0xbc CMakeFiles/sd_test.dir/include/pico-sdk/src/rp2_common/pico_stdio/stdio.c.obj
 .text.stdio_buffered_printer
                0x10006054       0x64 CMakeFiles/sd_test.dir/include/pico-sdk/src/rp2_common/pico_stdio/stdio.c.obj
 .text.__wrap_putchar
                0x100060b8       0x98 CMakeFiles/sd_test.dir/include/pico-sdk/src/rp2_common/pico_stdio/stdio.c.obj
                0x100060b8                __wrap_putchar
 .text.__wrap_puts
                0x10006150       0xe0 CMakeFiles/sd_test.dir/include/pico-sdk/src/rp2_common/pico_stdio/stdio.c.obj
                0x10006150                __wrap_puts
 .text.stdio_set_driver_enabled
                0x10006230       0x30 CMakeFiles/sd_test.dir/include/pico-sdk/src/rp2_common/pico_stdio/stdio.c.obj
                0x10006230                stdio_set_driver_enabled
 .text.__wrap_vprintf
                0x10006260       0xd4 CMakeFiles/sd_test.dir/include/pico-sdk/src/rp2_common/pico_stdio/stdio.c.obj
                0x10006260                __wrap_vprintf
 .text.__wrap_printf
                0x10006334       0x18 CMakeFiles/sd_test.dir/include/pico-sdk/src/rp2_common/pico_stdio/stdio.c.obj
                0x10006334                __wrap_printf
 .text.stdio_init_all
                0x1000634c        0x8 CMakeFiles/sd_test.dir/include/pico-sdk/src/rp2_common/pico_stdio/stdio.c.obj
                0x1000634c                stdio_init_all
 .text.resetd_init
                0x10006354        0x4 CMakeFiles/sd_test.dir/include/pico-sdk/src/rp2_common/pico_stdio_usb/reset_interface.c.obj
 .text.resetd_reset
                0x10006358        0xc CMakeFiles/sd_test.dir/include/pico-sdk/src/rp2_common/pico_stdio_usb/reset_interface.c.obj
 .text.resetd_open
                0x10006364       0x28 CMakeFiles/sd_test.dir/include/pico-sdk/src/rp2_common/pico_stdio_usb/reset_interface.c.obj
 .text.resetd_xfer_cb
                0x1000638c        0x4 CMakeFiles/sd_test.dir/include/pico-sdk/src/rp2_common/pico_stdio_usb/reset_interface.c.obj
 .text.resetd_control_xfer_cb
                0x10006390       0x60 CMakeFiles/sd_test.dir/include/pico-sdk/src/rp2_common/pico_stdio_usb/reset_interface.c.obj
 .text.usbd_app_driver_get_cb
                0x100063f0        0xc CMakeFiles/sd_test.dir/include/pico-sdk/src/rp2_common/pico_stdio_usb/reset_interface.c.obj
                0x100063f0                usbd_app_driver_get_cb
 .text.tud_cdc_line_coding_cb
                0x100063fc       0x34 CMakeFiles/sd_test.dir/include/pico-sdk/src/rp2_common/pico_stdio_usb/reset_interface.c.obj
                0x100063fc                tud_cdc_line_coding_cb
 .text.stdio_usb_set_chars_available_callback
                0x10006430       0x14 CMakeFiles/sd_test.dir/include/pico-sdk/src/rp2_common/pico_stdio_usb/stdio_usb.c.obj
                0x10006430                stdio_usb_set_chars_available_callback
 .text.usb_irq  0x10006444       0x10 CMakeFiles/sd_test.dir/include/pico-sdk/src/rp2_common/pico_stdio_usb/stdio_usb.c.obj
 .text.timer_task
                0x10006454       0x54 CMakeFiles/sd_test.dir/include/pico-sdk/src/rp2_common/pico_stdio_usb/stdio_usb.c.obj
 .text.stdio_usb_in_chars
                0x100064a8       0x90 CMakeFiles/sd_test.dir/include/pico-sdk/src/rp2_common/pico_stdio_usb/stdio_usb.c.obj
                0x100064a8                stdio_usb_in_chars
 .text.stdio_usb_out_chars
                0x10006538      0x104 CMakeFiles/sd_test.dir/include/pico-sdk/src/rp2_common/pico_stdio_usb/stdio_usb.c.obj
 .text.low_priority_worker_irq
                0x1000663c       0xa8 CMakeFiles/sd_test.dir/include/pico-sdk/src/rp2_common/pico_stdio_usb/stdio_usb.c.obj
 .text.tud_cdc_rx_cb
                0x100066e4       0x20 CMakeFiles/sd_test.dir/include/pico-sdk/src/rp2_common/pico_stdio_usb/stdio_usb.c.obj
                0x100066e4                tud_cdc_rx_cb
 .text.stdio_usb_init
                0x10006704       0xe0 CMakeFiles/sd_test.dir/include/pico-sdk/src/rp2_common/pico_stdio_usb/stdio_usb.c.obj
                0x10006704                stdio_usb_init
 .text.tud_descriptor_device_cb
                0x100067e4        0x8 CMakeFiles/sd_test.dir/include/pico-sdk/src/rp2_common/pico_stdio_usb/stdio_usb_descriptors.c.obj
                0x100067e4                tud_descriptor_device_cb
 .text.tud_descriptor_configuration_cb
                0x100067ec        0x8 CMakeFiles/sd_test.dir/include/pico-sdk/src/rp2_common/pico_stdio_usb/stdio_usb_descriptors.c.obj
                0x100067ec                tud_descriptor_configuration_cb
 .text.tud_descriptor_string_cb
                0x100067f4       0x78 CMakeFiles/sd_test.dir/include/pico-sdk/src/rp2_common/pico_stdio_usb/stdio_usb_descriptors.c.obj
                0x100067f4                tud_descriptor_string_cb
 .text.startup._retrieve_unique_id_on_boot
                0x1000686c       0x10 CMakeFiles/sd_test.dir/include/pico-sdk/src/rp2_common/pico_unique_id/unique_id.c.obj
 .text.pico_get_unique_board_id_string
                0x1000687c      0x1a8 CMakeFiles/sd_test.dir/include/pico-sdk/src/rp2_common/pico_unique_id/unique_id.c.obj
                0x1000687c                pico_get_unique_board_id_string
 .text.flash_get_unique_id
                0x10006a24       0x40 CMakeFiles/sd_test.dir/include/pico-sdk/src/rp2_common/hardware_flash/flash.c.obj
                0x10006a24                flash_get_unique_id
 .text.dcd_int_enable
                0x10006a64        0xc CMakeFiles/sd_test.dir/include/pico-sdk/lib/tinyusb/src/portable/raspberrypi/rp2040/dcd_rp2040.c.obj
                0x10006a64                dcd_int_enable
 .text.dcd_set_address
                0x10006a70       0x14 CMakeFiles/sd_test.dir/include/pico-sdk/lib/tinyusb/src/portable/raspberrypi/rp2040/dcd_rp2040.c.obj
                0x10006a70                dcd_set_address
 .text.dcd_connect
                0x10006a84       0x10 CMakeFiles/sd_test.dir/include/pico-sdk/lib/tinyusb/src/portable/raspberrypi/rp2040/dcd_rp2040.c.obj
                0x10006a84                dcd_connect
 .text.dcd_init
                0x10006a94       0x98 CMakeFiles/sd_test.dir/include/pico-sdk/lib/tinyusb/src/portable/raspberrypi/rp2040/dcd_rp2040.c.obj
                0x10006a94                dcd_init
 .text.dcd_edpt0_status_complete
                0x10006b2c       0x1c CMakeFiles/sd_test.dir/include/pico-sdk/lib/tinyusb/src/portable/raspberrypi/rp2040/dcd_rp2040.c.obj
                0x10006b2c                dcd_edpt0_status_complete
 .text.dcd_edpt_open
                0x10006b48      0x108 CMakeFiles/sd_test.dir/include/pico-sdk/lib/tinyusb/src/portable/raspberrypi/rp2040/dcd_rp2040.c.obj
                0x10006b48                dcd_edpt_open
 .text.dcd_edpt_close_all
                0x10006c50        0x8 CMakeFiles/sd_test.dir/include/pico-sdk/lib/tinyusb/src/portable/raspberrypi/rp2040/dcd_rp2040.c.obj
                0x10006c50                dcd_edpt_close_all
 .text.dcd_edpt_xfer
                0x10006c58       0x24 CMakeFiles/sd_test.dir/include/pico-sdk/lib/tinyusb/src/portable/raspberrypi/rp2040/dcd_rp2040.c.obj
                0x10006c58                dcd_edpt_xfer
 .text.dcd_edpt_stall
                0x10006c7c       0x38 CMakeFiles/sd_test.dir/include/pico-sdk/lib/tinyusb/src/portable/raspberrypi/rp2040/dcd_rp2040.c.obj
                0x10006c7c                dcd_edpt_stall
 .text.dcd_edpt_clear_stall
                0x10006cb4       0x30 CMakeFiles/sd_test.dir/include/pico-sdk/lib/tinyusb/src/portable/raspberrypi/rp2040/dcd_rp2040.c.obj
                0x10006cb4                dcd_edpt_clear_stall
 .text.rp2040_usb_init
                0x10006ce4       0x4c CMakeFiles/sd_test.dir/include/pico-sdk/lib/tinyusb/src/portable/raspberrypi/rp2040/rp2040_usb.c.obj
                0x10006ce4                rp2040_usb_init
 .text.hw_endpoint_xfer_start
                0x10006d30       0x40 CMakeFiles/sd_test.dir/include/pico-sdk/lib/tinyusb/src/portable/raspberrypi/rp2040/rp2040_usb.c.obj
                0x10006d30                hw_endpoint_xfer_start
 .text.tud_mounted
                0x10006d70       0x10 CMakeFiles/sd_test.dir/include/pico-sdk/lib/tinyusb/src/device/usbd.c.obj
                0x10006d70                tud_mounted
 .text.tud_suspended
                0x10006d80       0x10 CMakeFiles/sd_test.dir/include/pico-sdk/lib/tinyusb/src/device/usbd.c.obj
                0x10006d80                tud_suspended
 .text.tud_inited
                0x10006d90       0x14 CMakeFiles/sd_test.dir/include/pico-sdk/lib/tinyusb/src/device/usbd.c.obj
                0x10006d90                tud_inited
 .text.tud_init
                0x10006da4       0xd8 CMakeFiles/sd_test.dir/include/pico-sdk/lib/tinyusb/src/device/usbd.c.obj
                0x10006da4                tud_init
 .text.tud_task_ext
                0x10006e7c      0x8a8 CMakeFiles/sd_test.dir/include/pico-sdk/lib/tinyusb/src/device/usbd.c.obj
                0x10006e7c                tud_task_ext
 .text.usbd_open_edpt_pair
                0x10007724       0x9c CMakeFiles/sd_test.dir/include/pico-sdk/lib/tinyusb/src/device/usbd.c.obj
                0x10007724                usbd_open_edpt_pair
 .text.usbd_defer_func
                0x100077c0       0x48 CMakeFiles/sd_test.dir/include/pico-sdk/lib/tinyusb/src/device/usbd.c.obj
                0x100077c0                usbd_defer_func
 .text.usbd_edpt_open
                0x10007808       0x34 CMakeFiles/sd_test.dir/include/pico-sdk/lib/tinyusb/src/device/usbd.c.obj
                0x10007808                usbd_edpt_open
 .text.usbd_edpt_claim
                0x1000783c       0x28 CMakeFiles/sd_test.dir/include/pico-sdk/lib/tinyusb/src/device/usbd.c.obj
                0x1000783c                usbd_edpt_claim
 .text.usbd_edpt_release
                0x10007864       0x28 CMakeFiles/sd_test.dir/include/pico-sdk/lib/tinyusb/src/device/usbd.c.obj
                0x10007864                usbd_edpt_release
 .text.usbd_edpt_xfer
                0x1000788c       0x4c CMakeFiles/sd_test.dir/include/pico-sdk/lib/tinyusb/src/device/usbd.c.obj
                0x1000788c                usbd_edpt_xfer
 .text.tud_control_status
                0x100078d8       0x2c CMakeFiles/sd_test.dir/include/pico-sdk/lib/tinyusb/src/device/usbd_control.c.obj
                0x100078d8                tud_control_status
 .text.tud_control_xfer
                0x10007904       0xac CMakeFiles/sd_test.dir/include/pico-sdk/lib/tinyusb/src/device/usbd_control.c.obj
                0x10007904                tud_control_xfer
 .text.usbd_control_reset
                0x100079b0       0x14 CMakeFiles/sd_test.dir/include/pico-sdk/lib/tinyusb/src/device/usbd_control.c.obj
                0x100079b0                usbd_control_reset
 .text.usbd_control_set_complete_callback
                0x100079c4        0xc CMakeFiles/sd_test.dir/include/pico-sdk/lib/tinyusb/src/device/usbd_control.c.obj
                0x100079c4                usbd_control_set_complete_callback
 .text.usbd_control_set_request
                0x100079d0       0x1c CMakeFiles/sd_test.dir/include/pico-sdk/lib/tinyusb/src/device/usbd_control.c.obj
                0x100079d0                usbd_control_set_request
 .text.usbd_control_xfer_cb
                0x100079ec       0xf4 CMakeFiles/sd_test.dir/include/pico-sdk/lib/tinyusb/src/device/usbd_control.c.obj
                0x100079ec                usbd_control_xfer_cb
 .text.tud_cdc_n_connected
                0x10007ae0       0x30 CMakeFiles/sd_test.dir/include/pico-sdk/lib/tinyusb/src/class/cdc/cdc_device.c.obj
                0x10007ae0                tud_cdc_n_connected
 .text.tud_cdc_n_available
                0x10007b10       0x18 CMakeFiles/sd_test.dir/include/pico-sdk/lib/tinyusb/src/class/cdc/cdc_device.c.obj
                0x10007b10                tud_cdc_n_available
 .text.tud_cdc_n_read
                0x10007b28       0x70 CMakeFiles/sd_test.dir/include/pico-sdk/lib/tinyusb/src/class/cdc/cdc_device.c.obj
                0x10007b28                tud_cdc_n_read
 .text.tud_cdc_n_write_flush
                0x10007b98       0x78 CMakeFiles/sd_test.dir/include/pico-sdk/lib/tinyusb/src/class/cdc/cdc_device.c.obj
                0x10007b98                tud_cdc_n_write_flush
 .text.tud_cdc_n_write
                0x10007c10       0x34 CMakeFiles/sd_test.dir/include/pico-sdk/lib/tinyusb/src/class/cdc/cdc_device.c.obj
                0x10007c10                tud_cdc_n_write
 .text.tud_cdc_n_write_available
                0x10007c44       0x18 CMakeFiles/sd_test.dir/include/pico-sdk/lib/tinyusb/src/class/cdc/cdc_device.c.obj
                0x10007c44                tud_cdc_n_write_available
 .text.cdcd_init
                0x10007c5c       0x7c CMakeFiles/sd_test.dir/include/pico-sdk/lib/tinyusb/src/class/cdc/cdc_device.c.obj
                0x10007c5c                cdcd_init
 .text.cdcd_reset
                0x10007cd8       0x2c CMakeFiles/sd_test.dir/include/pico-sdk/lib/tinyusb/src/class/cdc/cdc_device.c.obj
                0x10007cd8                cdcd_reset
 .text.cdcd_open
                0x10007d04       0xe4 CMakeFiles/sd_test.dir/include/pico-sdk/lib/tinyusb/src/class/cdc/cdc_device.c.obj
                0x10007d04                cdcd_open
 .text.cdcd_control_xfer_cb
                0x10007de8       0xe4 CMakeFiles/sd_test.dir/include/pico-sdk/lib/tinyusb/src/class/cdc/cdc_device.c.obj
                0x10007de8                cdcd_control_xfer_cb
 .text.cdcd_xfer_cb
                0x10007ecc      0x13c CMakeFiles/sd_test.dir/include/pico-sdk/lib/tinyusb/src/class/cdc/cdc_device.c.obj
                0x10007ecc                cdcd_xfer_cb
 .text.tusb_init
                0x10008008        0xc CMakeFiles/sd_test.dir/include/pico-sdk/lib/tinyusb/src/tusb.c.obj
                0x10008008                tusb_init
 .text.tusb_inited
                0x10008014        0x8 CMakeFiles/sd_test.dir/include/pico-sdk/lib/tinyusb/src/tusb.c.obj
                0x10008014                tusb_inited
 .text.tu_edpt_claim
                0x1000801c       0x50 CMakeFiles/sd_test.dir/include/pico-sdk/lib/tinyusb/src/tusb.c.obj
                0x1000801c                tu_edpt_claim
 .text.tu_edpt_release
                0x1000806c       0x38 CMakeFiles/sd_test.dir/include/pico-sdk/lib/tinyusb/src/tusb.c.obj
                0x1000806c                tu_edpt_release
 .text.tu_edpt_validate
                0x100080a4       0x7c CMakeFiles/sd_test.dir/include/pico-sdk/lib/tinyusb/src/tusb.c.obj
                0x100080a4                tu_edpt_validate
 .text.tu_edpt_bind_driver
                0x10008120       0x34 CMakeFiles/sd_test.dir/include/pico-sdk/lib/tinyusb/src/tusb.c.obj
                0x10008120                tu_edpt_bind_driver
 .text.tu_fifo_config
                0x10008154       0x6c CMakeFiles/sd_test.dir/include/pico-sdk/lib/tinyusb/src/common/tusb_fifo.c.obj
                0x10008154                tu_fifo_config
 .text.tu_fifo_count
                0x100081c0       0x2c CMakeFiles/sd_test.dir/include/pico-sdk/lib/tinyusb/src/common/tusb_fifo.c.obj
                0x100081c0                tu_fifo_count
 .text.tu_fifo_empty
                0x100081ec       0x10 CMakeFiles/sd_test.dir/include/pico-sdk/lib/tinyusb/src/common/tusb_fifo.c.obj
                0x100081ec                tu_fifo_empty
 .text.tu_fifo_remaining
                0x100081fc       0x2c CMakeFiles/sd_test.dir/include/pico-sdk/lib/tinyusb/src/common/tusb_fifo.c.obj
                0x100081fc                tu_fifo_remaining
 .text.tu_fifo_read
                0x10008228       0x9c CMakeFiles/sd_test.dir/include/pico-sdk/lib/tinyusb/src/common/tusb_fifo.c.obj
                0x10008228                tu_fifo_read
 .text.tu_fifo_read_n
                0x100082c4       0xe8 CMakeFiles/sd_test.dir/include/pico-sdk/lib/tinyusb/src/common/tusb_fifo.c.obj
                0x100082c4                tu_fifo_read_n
 .text.tu_fifo_write
                0x100083ac       0x88 CMakeFiles/sd_test.dir/include/pico-sdk/lib/tinyusb/src/common/tusb_fifo.c.obj
                0x100083ac                tu_fifo_write
 .text.tu_fifo_write_n
                0x10008434      0x170 CMakeFiles/sd_test.dir/include/pico-sdk/lib/tinyusb/src/common/tusb_fifo.c.obj
                0x10008434                tu_fifo_write_n
 .text.tu_fifo_clear
                0x100085a4       0x40 CMakeFiles/sd_test.dir/include/pico-sdk/lib/tinyusb/src/common/tusb_fifo.c.obj
                0x100085a4                tu_fifo_clear
 .text.tu_fifo_set_overwritable
                0x100085e4       0x48 CMakeFiles/sd_test.dir/include/pico-sdk/lib/tinyusb/src/common/tusb_fifo.c.obj
                0x100085e4                tu_fifo_set_overwritable
 .text.core1_trampoline
                0x1000862c        0x4 CMakeFiles/sd_test.dir/include/pico-sdk/src/rp2_common/pico_multicore/multicore.c.obj
 .text.core1_wrapper
                0x10008630        0xc CMakeFiles/sd_test.dir/include/pico-sdk/src/rp2_common/pico_multicore/multicore.c.obj
                0x10008630                core1_wrapper
 .text.multicore_launch_core1_raw
                0x1000863c       0x84 CMakeFiles/sd_test.dir/include/pico-sdk/src/rp2_common/pico_multicore/multicore.c.obj
                0x1000863c                multicore_launch_core1_raw
 .text.multicore_launch_core1
                0x100086c0       0x58 CMakeFiles/sd_test.dir/include/pico-sdk/src/rp2_common/pico_multicore/multicore.c.obj
                0x100086c0                multicore_launch_core1
 .text.tchar2uni
                0x10008718      0x100 CMakeFiles/sd_test.dir/include/no-OS-FatFS-SD-SDIO-SPI-RPi-Pico/src/ff15/source/ff.c.obj
 .text.inc_share
                0x10008818      0x384 CMakeFiles/sd_test.dir/include/no-OS-FatFS-SD-SDIO-SPI-RPi-Pico/src/ff15/source/ff.c.obj
 .text.dir_clear
                0x10008b9c      0x1b0 CMakeFiles/sd_test.dir/include/no-OS-FatFS-SD-SDIO-SPI-RPi-Pico/src/ff15/source/ff.c.obj
 .text.init_alloc_info.isra.0
                0x10008d4c       0x6c CMakeFiles/sd_test.dir/include/no-OS-FatFS-SD-SDIO-SPI-RPi-Pico/src/ff15/source/ff.c.obj
 .text.sync_fs  0x10008db8       0xfc CMakeFiles/sd_test.dir/include/no-OS-FatFS-SD-SDIO-SPI-RPi-Pico/src/ff15/source/ff.c.obj
 .text.move_window
                0x10008eb4       0xbc CMakeFiles/sd_test.dir/include/no-OS-FatFS-SD-SDIO-SPI-RPi-Pico/src/ff15/source/ff.c.obj
 .text.find_bitmap
                0x10008f70       0xc4 CMakeFiles/sd_test.dir/include/no-OS-FatFS-SD-SDIO-SPI-RPi-Pico/src/ff15/source/ff.c.obj
 .text.put_fat.part.0
                0x10009034      0x160 CMakeFiles/sd_test.dir/include/no-OS-FatFS-SD-SDIO-SPI-RPi-Pico/src/ff15/source/ff.c.obj
 .text.get_fat  0x10009194      0x1b0 CMakeFiles/sd_test.dir/include/no-OS-FatFS-SD-SDIO-SPI-RPi-Pico/src/ff15/source/ff.c.obj
 .text.dir_next.constprop.0
                0x10009344       0xc4 CMakeFiles/sd_test.dir/include/no-OS-FatFS-SD-SDIO-SPI-RPi-Pico/src/ff15/source/ff.c.obj
 .text.check_fs
                0x10009408      0x188 CMakeFiles/sd_test.dir/include/no-OS-FatFS-SD-SDIO-SPI-RPi-Pico/src/ff15/source/ff.c.obj
 .text.mount_volume
                0x10009590      0xab0 CMakeFiles/sd_test.dir/include/no-OS-FatFS-SD-SDIO-SPI-RPi-Pico/src/ff15/source/ff.c.obj
 .text.load_xdir
                0x1000a040      0x1c0 CMakeFiles/sd_test.dir/include/no-OS-FatFS-SD-SDIO-SPI-RPi-Pico/src/ff15/source/ff.c.obj
 .text.dir_read.constprop.0
                0x1000a200      0x530 CMakeFiles/sd_test.dir/include/no-OS-FatFS-SD-SDIO-SPI-RPi-Pico/src/ff15/source/ff.c.obj
 .text.dir_sdi  0x1000a730      0x2f4 CMakeFiles/sd_test.dir/include/no-OS-FatFS-SD-SDIO-SPI-RPi-Pico/src/ff15/source/ff.c.obj
 .text.store_xdir
                0x1000aa24      0x240 CMakeFiles/sd_test.dir/include/no-OS-FatFS-SD-SDIO-SPI-RPi-Pico/src/ff15/source/ff.c.obj
 .text.dir_find
                0x1000ac64      0x480 CMakeFiles/sd_test.dir/include/no-OS-FatFS-SD-SDIO-SPI-RPi-Pico/src/ff15/source/ff.c.obj
 .text.follow_path
                0x1000b0e4      0x5ac CMakeFiles/sd_test.dir/include/no-OS-FatFS-SD-SDIO-SPI-RPi-Pico/src/ff15/source/ff.c.obj
 .text.create_chain
                0x1000b690      0x4a0 CMakeFiles/sd_test.dir/include/no-OS-FatFS-SD-SDIO-SPI-RPi-Pico/src/ff15/source/ff.c.obj
 .text.dir_alloc
                0x1000bb30      0x21c CMakeFiles/sd_test.dir/include/no-OS-FatFS-SD-SDIO-SPI-RPi-Pico/src/ff15/source/ff.c.obj
 .text.dir_register
                0x1000bd4c      0xa68 CMakeFiles/sd_test.dir/include/no-OS-FatFS-SD-SDIO-SPI-RPi-Pico/src/ff15/source/ff.c.obj
 .text.remove_chain
                0x1000c7b4      0x3dc CMakeFiles/sd_test.dir/include/no-OS-FatFS-SD-SDIO-SPI-RPi-Pico/src/ff15/source/ff.c.obj
 .text.f_mount  0x1000cb90      0x1c8 CMakeFiles/sd_test.dir/include/no-OS-FatFS-SD-SDIO-SPI-RPi-Pico/src/ff15/source/ff.c.obj
                0x1000cb90                f_mount
 .text.f_open   0x1000cd58      0x85c CMakeFiles/sd_test.dir/include/no-OS-FatFS-SD-SDIO-SPI-RPi-Pico/src/ff15/source/ff.c.obj
                0x1000cd58                f_open
 .text.f_read   0x1000d5b4      0x270 CMakeFiles/sd_test.dir/include/no-OS-FatFS-SD-SDIO-SPI-RPi-Pico/src/ff15/source/ff.c.obj
                0x1000d5b4                f_read
 .text.f_write  0x1000d824      0x2f0 CMakeFiles/sd_test.dir/include/no-OS-FatFS-SD-SDIO-SPI-RPi-Pico/src/ff15/source/ff.c.obj
                0x1000d824                f_write
 .text.putc_bfd
                0x1000db14      0x180 CMakeFiles/sd_test.dir/include/no-OS-FatFS-SD-SDIO-SPI-RPi-Pico/src/ff15/source/ff.c.obj
 .text.putc_bfd.constprop.0
                0x1000dc94      0x12c CMakeFiles/sd_test.dir/include/no-OS-FatFS-SD-SDIO-SPI-RPi-Pico/src/ff15/source/ff.c.obj
 .text.f_sync   0x1000ddc0      0x2c8 CMakeFiles/sd_test.dir/include/no-OS-FatFS-SD-SDIO-SPI-RPi-Pico/src/ff15/source/ff.c.obj
                0x1000ddc0                f_sync
 .text.f_close  0x1000e088       0x78 CMakeFiles/sd_test.dir/include/no-OS-FatFS-SD-SDIO-SPI-RPi-Pico/src/ff15/source/ff.c.obj
                0x1000e088                f_close
 .text.f_lseek  0x1000e100      0x55c CMakeFiles/sd_test.dir/include/no-OS-FatFS-SD-SDIO-SPI-RPi-Pico/src/ff15/source/ff.c.obj
                0x1000e100                f_lseek
 .text.f_truncate
                0x1000e65c      0x110 CMakeFiles/sd_test.dir/include/no-OS-FatFS-SD-SDIO-SPI-RPi-Pico/src/ff15/source/ff.c.obj
                0x1000e65c                f_truncate
 .text.f_gets   0x1000e76c      0x3a4 CMakeFiles/sd_test.dir/include/no-OS-FatFS-SD-SDIO-SPI-RPi-Pico/src/ff15/source/ff.c.obj
                0x1000e76c                f_gets
 .text.f_printf
                0x1000eb10      0xca8 CMakeFiles/sd_test.dir/include/no-OS-FatFS-SD-SDIO-SPI-RPi-Pico/src/ff15/source/ff.c.obj
                0x1000eb10                f_printf
 .text.ff_memalloc
                0x1000f7b8        0x8 CMakeFiles/sd_test.dir/include/no-OS-FatFS-SD-SDIO-SPI-RPi-Pico/src/ff15/source/ffsystem.c.obj
                0x1000f7b8                ff_memalloc
 .text.ff_memfree
                0x1000f7c0        0x8 CMakeFiles/sd_test.dir/include/no-OS-FatFS-SD-SDIO-SPI-RPi-Pico/src/ff15/source/ffsystem.c.obj
                0x1000f7c0                ff_memfree
 .text.ff_uni2oem
                0x1000f7c8       0x40 CMakeFiles/sd_test.dir/include/no-OS-FatFS-SD-SDIO-SPI-RPi-Pico/src/ff15/source/ffunicode.c.obj
                0x1000f7c8                ff_uni2oem
 .text.ff_wtoupper
                0x1000f808       0xb8 CMakeFiles/sd_test.dir/include/no-OS-FatFS-SD-SDIO-SPI-RPi-Pico/src/ff15/source/ffunicode.c.obj
                0x1000f808                ff_wtoupper
 .text.dma_irq_handler
                0x1000f8c0       0xa0 CMakeFiles/sd_test.dir/include/no-OS-FatFS-SD-SDIO-SPI-RPi-Pico/src/sd_driver/dma_interrupts.c.obj
 .text.dma_irq_add_handler
                0x1000f960       0xb0 CMakeFiles/sd_test.dir/include/no-OS-FatFS-SD-SDIO-SPI-RPi-Pico/src/sd_driver/dma_interrupts.c.obj
                0x1000f960                dma_irq_add_handler
 .text.sd_lock  0x1000fa10       0x24 CMakeFiles/sd_test.dir/include/no-OS-FatFS-SD-SDIO-SPI-RPi-Pico/src/sd_driver/sd_card.c.obj
                0x1000fa10                sd_lock
 .text.sd_unlock
                0x1000fa34       0x24 CMakeFiles/sd_test.dir/include/no-OS-FatFS-SD-SDIO-SPI-RPi-Pico/src/sd_driver/sd_card.c.obj
                0x1000fa34                sd_unlock
 .text.sd_is_locked
                0x1000fa58       0x30 CMakeFiles/sd_test.dir/include/no-OS-FatFS-SD-SDIO-SPI-RPi-Pico/src/sd_driver/sd_card.c.obj
                0x1000fa58                sd_is_locked
 .text.sd_card_detect
                0x1000fa88       0x4c CMakeFiles/sd_test.dir/include/no-OS-FatFS-SD-SDIO-SPI-RPi-Pico/src/sd_driver/sd_card.c.obj
                0x1000fa88                sd_card_detect
 .text.sd_get_drive_prefix
                0x1000fad4       0x44 CMakeFiles/sd_test.dir/include/no-OS-FatFS-SD-SDIO-SPI-RPi-Pico/src/sd_driver/sd_card.c.obj
                0x1000fad4                sd_get_drive_prefix
 .text.sd_init_driver
                0x1000fb18      0x1dc CMakeFiles/sd_test.dir/include/no-OS-FatFS-SD-SDIO-SPI-RPi-Pico/src/sd_driver/sd_card.c.obj
                0x1000fb18                sd_init_driver
 .text.sdio_start_next_block_tx
                0x1000fcf4      0x184 CMakeFiles/sd_test.dir/include/no-OS-FatFS-SD-SDIO-SPI-RPi-Pico/src/sd_driver/SDIO/rp2040_sdio.c.obj
 .text.rp2040_sdio_stop.isra.0
                0x1000fe78       0xb4 CMakeFiles/sd_test.dir/include/no-OS-FatFS-SD-SDIO-SPI-RPi-Pico/src/sd_driver/SDIO/rp2040_sdio.c.obj
 .text.sdio_send_command.isra.0
                0x1000ff2c       0x8c CMakeFiles/sd_test.dir/include/no-OS-FatFS-SD-SDIO-SPI-RPi-Pico/src/sd_driver/SDIO/rp2040_sdio.c.obj
 .text.sdio_crc16_4bit_checksum
                0x1000ffb8       0x88 CMakeFiles/sd_test.dir/include/no-OS-FatFS-SD-SDIO-SPI-RPi-Pico/src/sd_driver/SDIO/rp2040_sdio.c.obj
                0x1000ffb8                sdio_crc16_4bit_checksum
 .text.rp2040_sdio_command_R1
                0x10010040      0x15c CMakeFiles/sd_test.dir/include/no-OS-FatFS-SD-SDIO-SPI-RPi-Pico/src/sd_driver/SDIO/rp2040_sdio.c.obj
                0x10010040                rp2040_sdio_command_R1
 .text.rp2040_sdio_command_R2
                0x1001019c      0x248 CMakeFiles/sd_test.dir/include/no-OS-FatFS-SD-SDIO-SPI-RPi-Pico/src/sd_driver/SDIO/rp2040_sdio.c.obj
                0x1001019c                rp2040_sdio_command_R2
 .text.rp2040_sdio_command_R3
                0x100103e4       0xa0 CMakeFiles/sd_test.dir/include/no-OS-FatFS-SD-SDIO-SPI-RPi-Pico/src/sd_driver/SDIO/rp2040_sdio.c.obj
                0x100103e4                rp2040_sdio_command_R3
 .text.rp2040_sdio_rx_start
                0x10010484      0x1f0 CMakeFiles/sd_test.dir/include/no-OS-FatFS-SD-SDIO-SPI-RPi-Pico/src/sd_driver/SDIO/rp2040_sdio.c.obj
                0x10010484                rp2040_sdio_rx_start
 .text.rp2040_sdio_rx_poll
                0x10010674      0x344 CMakeFiles/sd_test.dir/include/no-OS-FatFS-SD-SDIO-SPI-RPi-Pico/src/sd_driver/SDIO/rp2040_sdio.c.obj
                0x10010674                rp2040_sdio_rx_poll
 .text.rp2040_sdio_tx_start
                0x100109b8       0xa0 CMakeFiles/sd_test.dir/include/no-OS-FatFS-SD-SDIO-SPI-RPi-Pico/src/sd_driver/SDIO/rp2040_sdio.c.obj
                0x100109b8                rp2040_sdio_tx_start
 .text.rp2040_sdio_tx_poll
                0x10010a58       0x88 CMakeFiles/sd_test.dir/include/no-OS-FatFS-SD-SDIO-SPI-RPi-Pico/src/sd_driver/SDIO/rp2040_sdio.c.obj
                0x10010a58                rp2040_sdio_tx_poll
 .text.rp2040_sdio_init
                0x10010ae0      0x450 CMakeFiles/sd_test.dir/include/no-OS-FatFS-SD-SDIO-SPI-RPi-Pico/src/sd_driver/SDIO/rp2040_sdio.c.obj
                0x10010ae0                rp2040_sdio_init
 .text.sd_sdio_deinit
                0x10010f30       0xd4 CMakeFiles/sd_test.dir/include/no-OS-FatFS-SD-SDIO-SPI-RPi-Pico/src/sd_driver/SDIO/sd_card_sdio.c.obj
 .text.calculate_clk_div.part.0
                0x10011004       0x18 CMakeFiles/sd_test.dir/include/no-OS-FatFS-SD-SDIO-SPI-RPi-Pico/src/sd_driver/SDIO/sd_card_sdio.c.obj
 .text.sd_sdio_test_com
                0x1001101c       0xac CMakeFiles/sd_test.dir/include/no-OS-FatFS-SD-SDIO-SPI-RPi-Pico/src/sd_driver/SDIO/sd_card_sdio.c.obj
 .text.sd_sdio_sectorCount
                0x100110c8       0xf0 CMakeFiles/sd_test.dir/include/no-OS-FatFS-SD-SDIO-SPI-RPi-Pico/src/sd_driver/SDIO/sd_card_sdio.c.obj
                0x100110c8                sd_sdio_sectorCount
 .text.sd_sdio_begin
                0x100111b8      0x520 CMakeFiles/sd_test.dir/include/no-OS-FatFS-SD-SDIO-SPI-RPi-Pico/src/sd_driver/SDIO/sd_card_sdio.c.obj
                0x100111b8                sd_sdio_begin
 .text.sd_sdio_init
                0x100116d8      0x150 CMakeFiles/sd_test.dir/include/no-OS-FatFS-SD-SDIO-SPI-RPi-Pico/src/sd_driver/SDIO/sd_card_sdio.c.obj
 .text.sd_sdio_stopTransmission
                0x10011828       0xcc CMakeFiles/sd_test.dir/include/no-OS-FatFS-SD-SDIO-SPI-RPi-Pico/src/sd_driver/SDIO/sd_card_sdio.c.obj
                0x10011828                sd_sdio_stopTransmission
 .text.sd_sync  0x100118f4       0x34 CMakeFiles/sd_test.dir/include/no-OS-FatFS-SD-SDIO-SPI-RPi-Pico/src/sd_driver/SDIO/sd_card_sdio.c.obj
 .text.sd_sdio_writeSector
                0x10011928      0x138 CMakeFiles/sd_test.dir/include/no-OS-FatFS-SD-SDIO-SPI-RPi-Pico/src/sd_driver/SDIO/sd_card_sdio.c.obj
                0x10011928                sd_sdio_writeSector
 .text.sd_sdio_writeSectors
                0x10011a60      0x1b8 CMakeFiles/sd_test.dir/include/no-OS-FatFS-SD-SDIO-SPI-RPi-Pico/src/sd_driver/SDIO/sd_card_sdio.c.obj
                0x10011a60                sd_sdio_writeSectors
 .text.sd_sdio_write_blocks
                0x10011c18       0x40 CMakeFiles/sd_test.dir/include/no-OS-FatFS-SD-SDIO-SPI-RPi-Pico/src/sd_driver/SDIO/sd_card_sdio.c.obj
 .text.sd_sdio_readSector
                0x10011c58      0x13c CMakeFiles/sd_test.dir/include/no-OS-FatFS-SD-SDIO-SPI-RPi-Pico/src/sd_driver/SDIO/sd_card_sdio.c.obj
                0x10011c58                sd_sdio_readSector
 .text.sd_sdio_readSectors
                0x10011d94      0x170 CMakeFiles/sd_test.dir/include/no-OS-FatFS-SD-SDIO-SPI-RPi-Pico/src/sd_driver/SDIO/sd_card_sdio.c.obj
                0x10011d94                sd_sdio_readSectors
 .text.sd_sdio_read_blocks
                0x10011f04       0x40 CMakeFiles/sd_test.dir/include/no-OS-FatFS-SD-SDIO-SPI-RPi-Pico/src/sd_driver/SDIO/sd_card_sdio.c.obj
 .text.sd_sdio_ctor
                0x10011f44       0xec CMakeFiles/sd_test.dir/include/no-OS-FatFS-SD-SDIO-SPI-RPi-Pico/src/sd_driver/SDIO/sd_card_sdio.c.obj
                0x10011f44                sd_sdio_ctor
 .text.spi_lock.part.0
                0x10012030       0x18 CMakeFiles/sd_test.dir/include/no-OS-FatFS-SD-SDIO-SPI-RPi-Pico/src/sd_driver/SPI/my_spi.c.obj
 .text.spi_unlock.part.0
                0x10012048       0x18 CMakeFiles/sd_test.dir/include/no-OS-FatFS-SD-SDIO-SPI-RPi-Pico/src/sd_driver/SPI/my_spi.c.obj
 .text.spi_lock
                0x10012060       0x14 CMakeFiles/sd_test.dir/include/no-OS-FatFS-SD-SDIO-SPI-RPi-Pico/src/sd_driver/SPI/my_spi.c.obj
                0x10012060                spi_lock
 .text.spi_unlock
                0x10012074       0x14 CMakeFiles/sd_test.dir/include/no-OS-FatFS-SD-SDIO-SPI-RPi-Pico/src/sd_driver/SPI/my_spi.c.obj
                0x10012074                spi_unlock
 .text.my_spi_init
                0x10012088      0x234 CMakeFiles/sd_test.dir/include/no-OS-FatFS-SD-SDIO-SPI-RPi-Pico/src/sd_driver/SPI/my_spi.c.obj
                0x10012088                my_spi_init
 .text.sd_cmd_spi
                0x100122bc       0xc4 CMakeFiles/sd_test.dir/include/no-OS-FatFS-SD-SDIO-SPI-RPi-Pico/src/sd_driver/SPI/sd_card_spi.c.obj
 .text.sd_deinit
                0x10012380       0x28 CMakeFiles/sd_test.dir/include/no-OS-FatFS-SD-SDIO-SPI-RPi-Pico/src/sd_driver/SPI/sd_card_spi.c.obj
 .text.sd_read_bytes
                0x100123a8       0xcc CMakeFiles/sd_test.dir/include/no-OS-FatFS-SD-SDIO-SPI-RPi-Pico/src/sd_driver/SPI/sd_card_spi.c.obj
 .text.sd_send_block.constprop.0
                0x10012474      0x168 CMakeFiles/sd_test.dir/include/no-OS-FatFS-SD-SDIO-SPI-RPi-Pico/src/sd_driver/SPI/sd_card_spi.c.obj
 .text.sd_spi_test_com
                0x100125dc      0x128 CMakeFiles/sd_test.dir/include/no-OS-FatFS-SD-SDIO-SPI-RPi-Pico/src/sd_driver/SPI/sd_card_spi.c.obj
 .text.in_sd_spi_sectors
                0x10012704      0x1a4 CMakeFiles/sd_test.dir/include/no-OS-FatFS-SD-SDIO-SPI-RPi-Pico/src/sd_driver/SPI/sd_card_spi.c.obj
 .text.sd_spi_sectors
                0x100128a8       0x84 CMakeFiles/sd_test.dir/include/no-OS-FatFS-SD-SDIO-SPI-RPi-Pico/src/sd_driver/SPI/sd_card_spi.c.obj
                0x100128a8                sd_spi_sectors
 .text.sd_cmd   0x1001292c      0x3a8 CMakeFiles/sd_test.dir/include/no-OS-FatFS-SD-SDIO-SPI-RPi-Pico/src/sd_driver/SPI/sd_card_spi.c.obj
 .text.stop_wr_tran
                0x10012cd4       0x98 CMakeFiles/sd_test.dir/include/no-OS-FatFS-SD-SDIO-SPI-RPi-Pico/src/sd_driver/SPI/sd_card_spi.c.obj
 .text.sd_sync  0x10012d6c       0x88 CMakeFiles/sd_test.dir/include/no-OS-FatFS-SD-SDIO-SPI-RPi-Pico/src/sd_driver/SPI/sd_card_spi.c.obj
 .text.sd_read_blocks
                0x10012df4      0x264 CMakeFiles/sd_test.dir/include/no-OS-FatFS-SD-SDIO-SPI-RPi-Pico/src/sd_driver/SPI/sd_card_spi.c.obj
 .text.in_sd_go_idle_state
                0x10013058       0xd0 CMakeFiles/sd_test.dir/include/no-OS-FatFS-SD-SDIO-SPI-RPi-Pico/src/sd_driver/SPI/sd_card_spi.c.obj
 .text.sd_send_all_blocks
                0x10013128       0xe8 CMakeFiles/sd_test.dir/include/no-OS-FatFS-SD-SDIO-SPI-RPi-Pico/src/sd_driver/SPI/sd_card_spi.c.obj
 .text.sd_write_blocks
                0x10013210      0x24c CMakeFiles/sd_test.dir/include/no-OS-FatFS-SD-SDIO-SPI-RPi-Pico/src/sd_driver/SPI/sd_card_spi.c.obj
 .text.sd_spi_init
                0x1001345c      0x29c CMakeFiles/sd_test.dir/include/no-OS-FatFS-SD-SDIO-SPI-RPi-Pico/src/sd_driver/SPI/sd_card_spi.c.obj
                0x1001345c                sd_spi_init
 .text.sd_go_idle_state
                0x100136f8       0x4c CMakeFiles/sd_test.dir/include/no-OS-FatFS-SD-SDIO-SPI-RPi-Pico/src/sd_driver/SPI/sd_card_spi.c.obj
                0x100136f8                sd_go_idle_state
 .text.sd_spi_ctor
                0x10013744       0x78 CMakeFiles/sd_test.dir/include/no-OS-FatFS-SD-SDIO-SPI-RPi-Pico/src/sd_driver/SPI/sd_card_spi.c.obj
                0x10013744                sd_spi_ctor
 .text.sd_spi_go_high_frequency
                0x100137bc       0x10 CMakeFiles/sd_test.dir/include/no-OS-FatFS-SD-SDIO-SPI-RPi-Pico/src/sd_driver/SPI/sd_spi.c.obj
                0x100137bc                sd_spi_go_high_frequency
 .text.sd_spi_go_low_frequency
                0x100137cc       0x14 CMakeFiles/sd_test.dir/include/no-OS-FatFS-SD-SDIO-SPI-RPi-Pico/src/sd_driver/SPI/sd_spi.c.obj
                0x100137cc                sd_spi_go_low_frequency
 .text.sd_spi_send_initializing_sequence
                0x100137e0       0x70 CMakeFiles/sd_test.dir/include/no-OS-FatFS-SD-SDIO-SPI-RPi-Pico/src/sd_driver/SPI/sd_spi.c.obj
                0x100137e0                sd_spi_send_initializing_sequence
 .text.reset    0x10013850       0x1c CMakeFiles/sd_test.dir/include/no-OS-FatFS-SD-SDIO-SPI-RPi-Pico/src/src/crash.c.obj
 .text.capture_assert
                0x1001386c       0x90 CMakeFiles/sd_test.dir/include/no-OS-FatFS-SD-SDIO-SPI-RPi-Pico/src/src/crash.c.obj
                0x1001386c                capture_assert
 .text.Hardfault_HandlerC
                0x100138fc       0x5c CMakeFiles/sd_test.dir/include/no-OS-FatFS-SD-SDIO-SPI-RPi-Pico/src/src/crash.c.obj
                0x100138fc                Hardfault_HandlerC
 .text.HardFault_Handler
                0x10013958       0x18 CMakeFiles/sd_test.dir/include/no-OS-FatFS-SD-SDIO-SPI-RPi-Pico/src/src/crash.c.obj
                0x10013958                HardFault_Handler
 .text.crc7     0x10013970       0x28 CMakeFiles/sd_test.dir/include/no-OS-FatFS-SD-SDIO-SPI-RPi-Pico/src/src/crc.c.obj
                0x10013970                crc7
 .text.crc16    0x10013998       0x30 CMakeFiles/sd_test.dir/include/no-OS-FatFS-SD-SDIO-SPI-RPi-Pico/src/src/crc.c.obj
                0x10013998                crc16
 .text.FRESULT_str
                0x100139c8       0x18 CMakeFiles/sd_test.dir/include/no-OS-FatFS-SD-SDIO-SPI-RPi-Pico/src/src/f_util.c.obj
                0x100139c8                FRESULT_str
 .text.disk_status
                0x100139e0       0x18 CMakeFiles/sd_test.dir/include/no-OS-FatFS-SD-SDIO-SPI-RPi-Pico/src/src/glue.c.obj
                0x100139e0                disk_status
 .text.disk_initialize
                0x100139f8       0x40 CMakeFiles/sd_test.dir/include/no-OS-FatFS-SD-SDIO-SPI-RPi-Pico/src/src/glue.c.obj
                0x100139f8                disk_initialize
 .text.disk_read
                0x10013a38       0x54 CMakeFiles/sd_test.dir/include/no-OS-FatFS-SD-SDIO-SPI-RPi-Pico/src/src/glue.c.obj
                0x10013a38                disk_read
 .text.disk_write
                0x10013a8c       0x54 CMakeFiles/sd_test.dir/include/no-OS-FatFS-SD-SDIO-SPI-RPi-Pico/src/src/glue.c.obj
                0x10013a8c                disk_write
 .text.disk_ioctl
                0x10013ae0       0x48 CMakeFiles/sd_test.dir/include/no-OS-FatFS-SD-SDIO-SPI-RPi-Pico/src/src/glue.c.obj
                0x10013ae0                disk_ioctl
 .text.put_out_error_message
                0x10013b28        0x4 CMakeFiles/sd_test.dir/include/no-OS-FatFS-SD-SDIO-SPI-RPi-Pico/src/src/my_debug.c.obj
                0x10013b28                put_out_error_message
 .text.put_out_info_message
                0x10013b2c        0x4 CMakeFiles/sd_test.dir/include/no-OS-FatFS-SD-SDIO-SPI-RPi-Pico/src/src/my_debug.c.obj
                0x10013b2c                put_out_info_message
 .text.error_message_printf
                0x10013b30       0x3c CMakeFiles/sd_test.dir/include/no-OS-FatFS-SD-SDIO-SPI-RPi-Pico/src/src/my_debug.c.obj
                0x10013b30                error_message_printf
 .text.error_message_printf_plain
                0x10013b6c       0x3c CMakeFiles/sd_test.dir/include/no-OS-FatFS-SD-SDIO-SPI-RPi-Pico/src/src/my_debug.c.obj
                0x10013b6c                error_message_printf_plain
 .text.my_assert_func
                0x10013ba8       0x2c CMakeFiles/sd_test.dir/include/no-OS-FatFS-SD-SDIO-SPI-RPi-Pico/src/src/my_debug.c.obj
                0x10013ba8                my_assert_func
 .text.get_fattime
                0x10013bd4       0x6c CMakeFiles/sd_test.dir/include/no-OS-FatFS-SD-SDIO-SPI-RPi-Pico/src/src/rtc.c.obj
                0x10013bd4                get_fattime
 .text.dma_channel_claim
                0x10013c40       0x18 CMakeFiles/sd_test.dir/include/pico-sdk/src/rp2_common/hardware_dma/dma.c.obj
                0x10013c40                dma_channel_claim
 .text.dma_claim_unused_channel
                0x10013c58       0x24 CMakeFiles/sd_test.dir/include/pico-sdk/src/rp2_common/hardware_dma/dma.c.obj
                0x10013c58                dma_claim_unused_channel
 .text.pio_claim_unused_sm
                0x10013c7c       0x3c CMakeFiles/sd_test.dir/include/pico-sdk/src/rp2_common/hardware_pio/pio.c.obj
                0x10013c7c                pio_claim_unused_sm
 .text.pio_add_program
                0x10013cb8       0xf0 CMakeFiles/sd_test.dir/include/pico-sdk/src/rp2_common/hardware_pio/pio.c.obj
                0x10013cb8                pio_add_program
 .text.pio_clear_instruction_memory
                0x10013da8       0x38 CMakeFiles/sd_test.dir/include/pico-sdk/src/rp2_common/hardware_pio/pio.c.obj
                0x10013da8                pio_clear_instruction_memory
 .text.pio_sm_set_consecutive_pindirs
                0x10013de0       0xa8 CMakeFiles/sd_test.dir/include/pico-sdk/src/rp2_common/hardware_pio/pio.c.obj
                0x10013de0                pio_sm_set_consecutive_pindirs
 .text.pio_sm_init
                0x10013e88       0x98 CMakeFiles/sd_test.dir/include/pico-sdk/src/rp2_common/hardware_pio/pio.c.obj
                0x10013e88                pio_sm_init
 .text.rtc_get_datetime
                0x10013f20       0x44 CMakeFiles/sd_test.dir/include/pico-sdk/src/rp2_common/hardware_rtc/rtc.c.obj
                0x10013f20                rtc_get_datetime
 .text.spi_init
                0x10013f64      0x150 CMakeFiles/sd_test.dir/include/pico-sdk/src/rp2_common/hardware_spi/spi.c.obj
                0x10013f64                spi_init
 .text.spi_set_baudrate
                0x100140b4       0xcc CMakeFiles/sd_test.dir/include/pico-sdk/src/rp2_common/hardware_spi/spi.c.obj
                0x100140b4                spi_set_baudrate
 .text.startup.SystemInit
                0x10014180       0x14 CMakeFiles/sd_test.dir/include/pico-sdk/src/rp2_common/cmsis/stub/CMSIS/Device/RaspberryPi/RP2040/Source/system_RP2040.c.obj
                0x10014180                SystemInit
 .text.i2c_set_baudrate
                0x10014194       0xc4 CMakeFiles/sd_test.dir/include/pico-sdk/src/rp2_common/hardware_i2c/i2c.c.obj
                0x10014194                i2c_set_baudrate
 .text.i2c_init
                0x10014258       0x54 CMakeFiles/sd_test.dir/include/pico-sdk/src/rp2_common/hardware_i2c/i2c.c.obj
                0x10014258                i2c_init
 .text.i2c_write_blocking
                0x100142ac       0xd0 CMakeFiles/sd_test.dir/include/pico-sdk/src/rp2_common/hardware_i2c/i2c.c.obj
                0x100142ac                i2c_write_blocking
 .text.i2c_read_blocking
                0x1001437c       0x90 CMakeFiles/sd_test.dir/include/pico-sdk/src/rp2_common/hardware_i2c/i2c.c.obj
                0x1001437c                i2c_read_blocking
 .text.adc_init
                0x1001440c       0x38 CMakeFiles/sd_test.dir/include/pico-sdk/src/rp2_common/hardware_adc/adc.c.obj
                0x1001440c                adc_init
 .text          0x10014444       0x18 /usr/lib/gcc/arm-none-eabi/12.2.1/../../../arm-none-eabi/lib/thumb/v6-m/nofp/libc.a(lib_a-calloc.o)
                0x10014444                calloc
 .text          0x1001445c       0x5c /usr/lib/gcc/arm-none-eabi/12.2.1/../../../arm-none-eabi/lib/thumb/v6-m/nofp/libc.a(lib_a-callocr.o)
                0x1001445c                _calloc_r
 .text          0x100144b8        0xc /usr/lib/gcc/arm-none-eabi/12.2.1/../../../arm-none-eabi/lib/thumb/v6-m/nofp/libc.a(lib_a-errno.o)
                0x100144b8                __errno
 .text          0x100144c4      0x260 /usr/lib/gcc/arm-none-eabi/12.2.1/../../../arm-none-eabi/lib/thumb/v6-m/nofp/libc.a(lib_a-freer.o)
                0x100144c4                _malloc_trim_r
                0x10014560                _free_r
 .text          0x10014724       0x28 /usr/lib/gcc/arm-none-eabi/12.2.1/../../../arm-none-eabi/lib/thumb/v6-m/nofp/libc.a(lib_a-malloc.o)
                0x10014724                malloc
                0x10014738                free
 .text          0x1001474c      0x574 /usr/lib/gcc/arm-none-eabi/12.2.1/../../../arm-none-eabi/lib/thumb/v6-m/nofp/libc.a(lib_a-mallocr.o)
                0x1001474c                _malloc_r
 .text          0x10014cc0        0x8 /usr/lib/gcc/arm-none-eabi/12.2.1/../../../arm-none-eabi/lib/thumb/v6-m/nofp/libc.a(lib_a-mlock.o)
                0x10014cc0                __malloc_lock
                0x10014cc4                __malloc_unlock
 .text          0x10014cc8       0x24 /usr/lib/gcc/arm-none-eabi/12.2.1/../../../arm-none-eabi/lib/thumb/v6-m/nofp/libc.a(lib_a-sbrkr.o)
                0x10014cc8                _sbrk_r
 .text          0x10014cec       0xc0 /usr/lib/gcc/arm-none-eabi/12.2.1/../../../arm-none-eabi/lib/thumb/v6-m/nofp/libc.a(lib_a-strchr.o)
                0x10014cec                strchr
 .text          0x10014dac       0x5c /usr/lib/gcc/arm-none-eabi/12.2.1/../../../arm-none-eabi/lib/thumb/v6-m/nofp/libc.a(lib_a-strlen-stub.o)
                0x10014dac                strlen
 .text          0x10014e08      0x1b8 /usr/lib/gcc/arm-none-eabi/12.2.1/../../../arm-none-eabi/lib/thumb/v6-m/nofp/libc.a(lib_a-strtol.o)
                0x10014f4c                _strtol_r
                0x10014f68                strtol_l
                0x10014f94                strtol
 *(.fini)
 .fini          0x10014fc0        0x4 /usr/lib/gcc/arm-none-eabi/12.2.1/thumb/v6-m/nofp/crti.o
                0x10014fc0                _fini
 *fill*         0x10014fc4        0x4 
 .fini.__stub   0x10014fc8      0x140 linker stubs
 *crtbegin.o(.ctors)
 *crtbegin?.o(.ctors)
 *(EXCLUDE_FILE(*crtend.o *crtend?.o) .ctors)
 *(SORT_BY_NAME(.ctors.*))
 *(.ctors)
 *crtbegin.o(.dtors)
 *crtbegin?.o(.dtors)
 *(EXCLUDE_FILE(*crtend.o *crtend?.o) .dtors)
 *(SORT_BY_NAME(.dtors.*))
 *(.dtors)
 *(.eh_frame*)
 .eh_frame      0x10015108        0x0 /usr/lib/gcc/arm-none-eabi/12.2.1/thumb/v6-m/nofp/crtbegin.o
                0x10015108                        . = ALIGN (0x4)

.glue_7         0x10015108        0x0
 .glue_7        0x10015108        0x0 linker stubs

.glue_7t        0x10015108        0x0
 .glue_7t       0x10015108        0x0 linker stubs

.vfp11_veneer   0x10015108        0x0
 .vfp11_veneer  0x10015108        0x0 linker stubs

.v4_bx          0x10015108        0x0
 .v4_bx         0x10015108        0x0 linker stubs

.iplt           0x10015108        0x0
 .iplt          0x10015108        0x0 /usr/lib/gcc/arm-none-eabi/12.2.1/thumb/v6-m/nofp/crtbegin.o

.rodata         0x10015108     0x40fc
 *(EXCLUDE_FILE(*libm.a: *libc.a:*lib_a-mem*.o *libgcc.a:) .rodata*)
 .rodata        0x10015108     0x2000 CMakeFiles/sd_test.dir/src/bmi270.cpp.obj
 .rodata.main.str1.4
                0x10017108       0x60 CMakeFiles/sd_test.dir/src/main.cpp.obj
 .rodata._Z8sd_mountP5FATFS.str1.4
                0x10017168       0x60 CMakeFiles/sd_test.dir/src/sd_utils.cpp.obj
                                  0x1 (size before relaxing)
 .rodata._Z8sd_closeP3FIL.str1.4
                0x10017168       0x18 CMakeFiles/sd_test.dir/src/sd_utils.cpp.obj
 .rodata._Z11sd_writenumP3FILm.str1.4
                0x10017180        0x4 CMakeFiles/sd_test.dir/src/sd_utils.cpp.obj
 .rodata.spin_lock_claim_unused.str1.4
                0x10017184       0x1b CMakeFiles/sd_test.dir/include/pico-sdk/src/rp2_common/hardware_sync/sync.c.obj
 *fill*         0x1001719f        0x1 
 .rodata.user_irq_claim_unused.str1.4
                0x100171a0       0x1b CMakeFiles/sd_test.dir/include/pico-sdk/src/rp2_common/hardware_irq/irq.c.obj
 *fill*         0x100171bb        0x1 
 .rodata.hardware_alarm_claim.str1.4
                0x100171bc       0x22 CMakeFiles/sd_test.dir/include/pico-sdk/src/rp2_common/hardware_timer/timer.c.obj
 *fill*         0x100171de        0x2 
 .rodata.panic.str1.4
                0x100171e0       0x10 CMakeFiles/sd_test.dir/include/pico-sdk/src/rp2_common/pico_runtime/runtime.c.obj
                                 0x12 (size before relaxing)
 .rodata.hard_assertion_failure.str1.4
                0x100171f0        0xc CMakeFiles/sd_test.dir/include/pico-sdk/src/rp2_common/pico_runtime/runtime.c.obj
 .rodata._ftoa.str1.4
                0x100171fc       0x15 CMakeFiles/sd_test.dir/include/pico-sdk/src/rp2_common/pico_printf/printf.c.obj
 *fill*         0x10017211        0x3 
 .rodata._vsnprintf
                0x10017214      0x19c CMakeFiles/sd_test.dir/include/pico-sdk/src/rp2_common/pico_printf/printf.c.obj
 .rodata.pow10.0
                0x100173b0       0x50 CMakeFiles/sd_test.dir/include/pico-sdk/src/rp2_common/pico_printf/printf.c.obj
 .rodata.__wrap_malloc.str1.4
                0x10017400        0xe CMakeFiles/sd_test.dir/include/pico-sdk/src/rp2_common/pico_malloc/pico_malloc.c.obj
 *fill*         0x1001740e        0x2 
 .rodata.str1.4
                0x10017410       0x3c CMakeFiles/sd_test.dir/include/pico-sdk/src/rp2_common/pico_standard_link/binary_info.c.obj
 .rodata.__bi_81
                0x1001744c        0xc CMakeFiles/sd_test.dir/include/pico-sdk/src/rp2_common/pico_standard_link/binary_info.c.obj
 .rodata.__bi_75
                0x10017458        0xc CMakeFiles/sd_test.dir/include/pico-sdk/src/rp2_common/pico_standard_link/binary_info.c.obj
 .rodata.__bi_44
                0x10017464        0xc CMakeFiles/sd_test.dir/include/pico-sdk/src/rp2_common/pico_standard_link/binary_info.c.obj
 .rodata.crlf_str.0
                0x10017470        0x2 CMakeFiles/sd_test.dir/include/pico-sdk/src/rp2_common/pico_stdio/stdio.c.obj
 *fill*         0x10017472        0x2 
 .rodata._resetd_driver
                0x10017474       0x18 CMakeFiles/sd_test.dir/include/pico-sdk/src/rp2_common/pico_stdio_usb/reset_interface.c.obj
 .rodata.str1.4
                0x1001748c       0x13 CMakeFiles/sd_test.dir/include/pico-sdk/src/rp2_common/pico_stdio_usb/stdio_usb.c.obj
 *fill*         0x1001749f        0x1 
 .rodata.__bi_182.0
                0x100174a0        0xc CMakeFiles/sd_test.dir/include/pico-sdk/src/rp2_common/pico_stdio_usb/stdio_usb.c.obj
 .rodata.str1.4
                0x100174ac       0x2a CMakeFiles/sd_test.dir/include/pico-sdk/src/rp2_common/pico_stdio_usb/stdio_usb_descriptors.c.obj
 *fill*         0x100174d6        0x2 
 .rodata.usbd_desc_str
                0x100174d8       0x18 CMakeFiles/sd_test.dir/include/pico-sdk/src/rp2_common/pico_stdio_usb/stdio_usb_descriptors.c.obj
 .rodata.usbd_desc_cfg
                0x100174f0       0x54 CMakeFiles/sd_test.dir/include/pico-sdk/src/rp2_common/pico_stdio_usb/stdio_usb_descriptors.c.obj
 .rodata.usbd_desc_device
                0x10017544       0x12 CMakeFiles/sd_test.dir/include/pico-sdk/src/rp2_common/pico_stdio_usb/stdio_usb_descriptors.c.obj
 *fill*         0x10017556        0x2 
 .rodata.str1.4
                0x10017558       0x14 CMakeFiles/sd_test.dir/include/pico-sdk/lib/tinyusb/src/portable/raspberrypi/rp2040/dcd_rp2040.c.obj
 .rodata.str1.4
                0x1001756c       0x50 CMakeFiles/sd_test.dir/include/pico-sdk/lib/tinyusb/src/portable/raspberrypi/rp2040/rp2040_usb.c.obj
                                 0x53 (size before relaxing)
 .rodata.tud_task_ext
                0x100175bc       0x8c CMakeFiles/sd_test.dir/include/pico-sdk/lib/tinyusb/src/device/usbd.c.obj
 .rodata._usbd_driver
                0x10017648       0x18 CMakeFiles/sd_test.dir/include/pico-sdk/lib/tinyusb/src/device/usbd.c.obj
 .rodata.check_fs.str1.4
                0x10017660       0x15 CMakeFiles/sd_test.dir/include/no-OS-FatFS-SD-SDIO-SPI-RPi-Pico/src/ff15/source/ff.c.obj
 *fill*         0x10017675        0x3 
 .rodata.follow_path.str1.4
                0x10017678       0x13 CMakeFiles/sd_test.dir/include/no-OS-FatFS-SD-SDIO-SPI-RPi-Pico/src/ff15/source/ff.c.obj
 *fill*         0x1001768b        0x1 
 .rodata.f_printf.str1.4
                0x1001768c        0xc CMakeFiles/sd_test.dir/include/no-OS-FatFS-SD-SDIO-SPI-RPi-Pico/src/ff15/source/ff.c.obj
 .rodata.f_printf
                0x10017698       0xd0 CMakeFiles/sd_test.dir/include/no-OS-FatFS-SD-SDIO-SPI-RPi-Pico/src/ff15/source/ff.c.obj
 .rodata.ExCvt  0x10017768       0x80 CMakeFiles/sd_test.dir/include/no-OS-FatFS-SD-SDIO-SPI-RPi-Pico/src/ff15/source/ff.c.obj
 .rodata.LfnOfs
                0x100177e8        0xd CMakeFiles/sd_test.dir/include/no-OS-FatFS-SD-SDIO-SPI-RPi-Pico/src/ff15/source/ff.c.obj
 *fill*         0x100177f5        0x3 
 .rodata.GUID_MS_Basic
                0x100177f8       0x10 CMakeFiles/sd_test.dir/include/no-OS-FatFS-SD-SDIO-SPI-RPi-Pico/src/ff15/source/ff.c.obj
 .rodata        0x10017808       0x2c CMakeFiles/sd_test.dir/include/no-OS-FatFS-SD-SDIO-SPI-RPi-Pico/src/ff15/source/ff.c.obj
 .rodata.ff_wtoupper
                0x10017834       0x24 CMakeFiles/sd_test.dir/include/no-OS-FatFS-SD-SDIO-SPI-RPi-Pico/src/ff15/source/ffunicode.c.obj
 .rodata.cvt2.0
                0x10017858       0xbc CMakeFiles/sd_test.dir/include/no-OS-FatFS-SD-SDIO-SPI-RPi-Pico/src/ff15/source/ffunicode.c.obj
 .rodata.cvt1.1
                0x10017914      0x1f2 CMakeFiles/sd_test.dir/include/no-OS-FatFS-SD-SDIO-SPI-RPi-Pico/src/ff15/source/ffunicode.c.obj
 *fill*         0x10017b06        0x2 
 .rodata.uc437  0x10017b08      0x100 CMakeFiles/sd_test.dir/include/no-OS-FatFS-SD-SDIO-SPI-RPi-Pico/src/ff15/source/ffunicode.c.obj
 .rodata.dma_irq_handler.str1.4
                0x10017c08        0x6 CMakeFiles/sd_test.dir/include/no-OS-FatFS-SD-SDIO-SPI-RPi-Pico/src/sd_driver/dma_interrupts.c.obj
 *fill*         0x10017c0e        0x2 
 .rodata.dma_irq_add_handler.str1.4
                0x10017c10       0x1c CMakeFiles/sd_test.dir/include/no-OS-FatFS-SD-SDIO-SPI-RPi-Pico/src/sd_driver/dma_interrupts.c.obj
 .rodata.__func__.0
                0x10017c2c       0x13 CMakeFiles/sd_test.dir/include/no-OS-FatFS-SD-SDIO-SPI-RPi-Pico/src/sd_driver/dma_interrupts.c.obj
 *fill*         0x10017c3f        0x1 
 .rodata.__func__.1
                0x10017c40       0x10 CMakeFiles/sd_test.dir/include/no-OS-FatFS-SD-SDIO-SPI-RPi-Pico/src/sd_driver/dma_interrupts.c.obj
 .rodata.__func__.2
                0x10017c50       0x14 CMakeFiles/sd_test.dir/include/no-OS-FatFS-SD-SDIO-SPI-RPi-Pico/src/sd_driver/dma_interrupts.c.obj
 .rodata.sd_lock.str1.4
                0x10017c64       0x2e CMakeFiles/sd_test.dir/include/no-OS-FatFS-SD-SDIO-SPI-RPi-Pico/src/sd_driver/sd_card.c.obj
 *fill*         0x10017c92        0x2 
 .rodata.sd_card_detect.str1.4
                0x10017c94       0x17 CMakeFiles/sd_test.dir/include/no-OS-FatFS-SD-SDIO-SPI-RPi-Pico/src/sd_driver/sd_card.c.obj
 *fill*         0x10017cab        0x1 
 .rodata.sd_set_drive_prefix.str1.4
                0x10017cac       0x41 CMakeFiles/sd_test.dir/include/no-OS-FatFS-SD-SDIO-SPI-RPi-Pico/src/sd_driver/sd_card.c.obj
 *fill*         0x10017ced        0x3 
 .rodata.sd_get_drive_prefix.str1.4
                0x10017cf0       0x1e CMakeFiles/sd_test.dir/include/no-OS-FatFS-SD-SDIO-SPI-RPi-Pico/src/sd_driver/sd_card.c.obj
 *fill*         0x10017d0e        0x2 
 .rodata.sd_init_driver.str1.4
                0x10017d10       0x65 CMakeFiles/sd_test.dir/include/no-OS-FatFS-SD-SDIO-SPI-RPi-Pico/src/sd_driver/sd_card.c.obj
                                 0x6d (size before relaxing)
 *fill*         0x10017d75        0x3 
 .rodata.__func__.2
                0x10017d78        0xf CMakeFiles/sd_test.dir/include/no-OS-FatFS-SD-SDIO-SPI-RPi-Pico/src/sd_driver/sd_card.c.obj
 *fill*         0x10017d87        0x1 
 .rodata.__func__.3
                0x10017d88       0x14 CMakeFiles/sd_test.dir/include/no-OS-FatFS-SD-SDIO-SPI-RPi-Pico/src/sd_driver/sd_card.c.obj
 .rodata.__func__.4
                0x10017d9c       0x14 CMakeFiles/sd_test.dir/include/no-OS-FatFS-SD-SDIO-SPI-RPi-Pico/src/sd_driver/sd_card.c.obj
 .rodata.__func__.5
                0x10017db0        0xf CMakeFiles/sd_test.dir/include/no-OS-FatFS-SD-SDIO-SPI-RPi-Pico/src/sd_driver/sd_card.c.obj
 *fill*         0x10017dbf        0x1 
 .rodata.__func__.6
                0x10017dc0        0xd CMakeFiles/sd_test.dir/include/no-OS-FatFS-SD-SDIO-SPI-RPi-Pico/src/sd_driver/sd_card.c.obj
 *fill*         0x10017dcd        0x3 
 .rodata.__func__.7
                0x10017dd0        0xa CMakeFiles/sd_test.dir/include/no-OS-FatFS-SD-SDIO-SPI-RPi-Pico/src/sd_driver/sd_card.c.obj
 *fill*         0x10017dda        0x2 
 .rodata.__func__.8